Cabal File
  PKG_NAME
    PsiElement(NAME_KEY)('Name')
    PsiElement(COLON)(':')
    FREEFORM
      PsiElement(FREEFORM_LINE)('pkg2')
  PKG_VERSION
    PsiElement(VERSION_KEY)('Version')
    PsiElement(COLON)(':')
    FREEFORM
      PsiElement(FREEFORM_LINE)('1')
  LIBRARY
    PsiElement(LIBRARY_KEY)('Library')
    EXPOSED_MODULES
      PsiElement(EXPOSED_MODULES_KEY)('Exposed-Modules')
      PsiElement(COLON)(':')
      MODULE_LIST
        MODULE
          MODULE_PART
            PsiElement(IDENT)('B')
        PsiElement(,)(',')
        MODULE
          MODULE_PART
            PsiElement(IDENT)('C')
    BUILD_DEPENDS_KEY
      PsiElement(BUILD_DEPENDS_KEY)('Build-Depends')
      PsiElement(COLON)(':')
      DEPENDENCIES
        DEPENDENCY
          PsiElement(DEPENDENCY_NAME)('base')
        PsiElement(,)(',')
        DEPENDENCY
          PsiElement(DEPENDENCY_NAME)('pkg1')