Cabal File
  PKG_NAME
    PsiElement(NAME_KEY)('name')
    PsiElement(COLON)(':')
    FREEFORM
      PsiElement(FREEFORM_LINE)('q')
  PKG_VERSION
    PsiElement(VERSION_KEY)('version')
    PsiElement(COLON)(':')
    FREEFORM
      PsiElement(FREEFORM_LINE)('0.1.0.0')
  LICENSE_FILE
    PsiElement(LICENSE_FILE_KEY)('license-file')
    PsiElement(COLON)(':')
    FREEFORM
      PsiElement(FREEFORM_LINE)('LICENSE')
  AUTHOR
    PsiElement(AUTHOR_KEY)('author')
    PsiElement(COLON)(':')
    FREEFORM
      PsiElement(FREEFORM_LINE)('Edward Z. Yang')
  MAINTAINER
    PsiElement(MAINTAINER_KEY)('maintainer')
    PsiElement(COLON)(':')
    FREEFORM
      PsiElement(FREEFORM_LINE)('ezyang@cs.stanford.edu')
  BUILD_TYPE
    PsiElement(BUILD_TYPE_KEY)('build-type')
    PsiElement(COLON)(':')
    FREEFORM
      PsiElement(FREEFORM_LINE)('Simple')
  CABAL_VERSION
    PsiElement(CABAL_VERSION_KEY)('cabal-version')
    PsiElement(COLON)(':')
    FREEFORM
      PsiElement(FREEFORM_LINE)('>=1.21')
  LIBRARY
    PsiElement(LIBRARY_KEY)('library')
    EXPOSED_MODULES
      PsiElement(EXPOSED_MODULES_KEY)('exposed-modules')
      PsiElement(COLON)(':')
      MODULE_LIST
        MODULE
          MODULE_PART
            PsiElement(IDENT)('Q')
    REEXPOSED_MODULES
      PsiElement(REEXPOSED_MODULES_KEY)('reexported-modules')
      PsiElement(COLON)(':')
      PsiComment(COMMENT)('    -- qualified=NO, where=DEP(ORIG), renaming=NO, conflict=NO')
      PsiComment(COMMENT)('    --      impossible')
      PsiComment(COMMENT)('    -- qualified=NO, where=DEP(ORIG), renaming=NO, conflict=YES (p,s)')
      MODULE_REEXPORT
        MODULE
          MODULE_PART
            PsiElement(IDENT)('P')
      PsiElement(,)(',')
      PsiComment(COMMENT)('    -- qualified=NO, where=DEP(ORIG), renaming=YES, conflict=NO')
      MODULE_REEXPORT
        RENAME_MODULE
          MODULE
            MODULE_PART
              PsiElement(IDENT)('P')
          PsiElement(AS)('as')
          MODULE
            MODULE_PART
              PsiElement(IDENT)('QP')
      PsiElement(,)(',')
      PsiComment(COMMENT)('    -- qualified=NO, where=DEP(ORIG), renaming=YES, conflict=YES (r)')
      MODULE_REEXPORT
        RENAME_MODULE
          MODULE
            MODULE_PART
              PsiElement(IDENT)('P')
          PsiElement(AS)('as')
          MODULE
            MODULE_PART
              PsiElement(IDENT)('PMerge')
      PsiElement(,)(',')
      MODULE_REEXPORT
        RENAME_MODULE
          MODULE
            MODULE_PART
              PsiElement(IDENT)('P2')
          PsiElement(AS)('as')
          MODULE
            MODULE_PART
              PsiElement(IDENT)('PMerge2')
      PsiElement(,)(',')
      PsiComment(COMMENT)('    -- qualified=NO, where=SELF, renaming=NO, conflict=NO')
      PsiComment(COMMENT)('    --      impossible')
      PsiComment(COMMENT)('    -- qualified=NO, where=SELF, renaming=NO, conflict=YES')
      PsiComment(COMMENT)('    --      should error')
      PsiComment(COMMENT)('    -- qualified=NO, where=SELF, renaming=YES, conflict=NO')
      MODULE_REEXPORT
        RENAME_MODULE
          MODULE
            MODULE_PART
              PsiElement(IDENT)('Q')
          PsiElement(AS)('as')
          MODULE
            MODULE_PART
              PsiElement(IDENT)('QQ')
      PsiElement(,)(',')
      PsiComment(COMMENT)('    -- qualified=NO, where=SELF, renaming=YES, conflict=YES (r)')
      MODULE_REEXPORT
        RENAME_MODULE
          MODULE
            MODULE_PART
              PsiElement(IDENT)('Q')
          PsiElement(AS)('as')
          MODULE
            MODULE_PART
              PsiElement(IDENT)('QMerge')
      PsiElement(,)(',')
      MODULE_REEXPORT
        RENAME_MODULE
          MODULE
            MODULE_PART
              PsiElement(IDENT)('P2')
          PsiElement(AS)('as')
          MODULE
            MODULE_PART
              PsiElement(IDENT)('Conflict')
    BUILD_DEPENDS_KEY
      PsiElement(BUILD_DEPENDS_KEY)('build-depends')
      PsiElement(COLON)(':')
      DEPENDENCIES
        DEPENDENCY
          PsiElement(DEPENDENCY_NAME)('base')
        PsiElement(,)(',')
        DEPENDENCY
          PsiElement(DEPENDENCY_NAME)('p')