Cabal File
  PKG_NAME
    PsiElement(NAME_KEY)('Name')
    PsiElement(COLON)(':')
    FREEFORM
      PsiElement(FREEFORM_LINE)('rule-defining-plugin')
  PKG_VERSION
    PsiElement(VERSION_KEY)('Version')
    PsiElement(COLON)(':')
    FREEFORM
      PsiElement(FREEFORM_LINE)('0.1')
  SYNOPSIS
    PsiElement(SYNOPSIS_KEY)('Synopsis')
    PsiElement(COLON)(':')
    FREEFORM
      PsiElement(FREEFORM_LINE)('For testing')
  CABAL_VERSION
    PsiElement(CABAL_VERSION_KEY)('Cabal-Version')
    PsiElement(COLON)(':')
    FREEFORM
      PsiElement(FREEFORM_LINE)('>= 1.2')
  BUILD_TYPE
    PsiElement(BUILD_TYPE_KEY)('Build-Type')
    PsiElement(COLON)(':')
    FREEFORM
      PsiElement(FREEFORM_LINE)('Simple')
  LICENSE
    PsiElement(LICENSE_KEY)('License')
    PsiElement(COLON)(':')
    FREEFORM
      PsiElement(FREEFORM_LINE)('BSD3')
  LICENSE_FILE
    PsiElement(LICENSE_FILE_KEY)('License-File')
    PsiElement(COLON)(':')
    FREEFORM
      PsiElement(FREEFORM_LINE)('LICENSE')
  AUTHOR
    PsiElement(AUTHOR_KEY)('Author')
    PsiElement(COLON)(':')
    FREEFORM
      PsiElement(FREEFORM_LINE)('Edward Z. Yang')
  HOMEPAGE
    PsiElement(HOMEPAGE_KEY)('Homepage')
    PsiElement(COLON)(':')
    FREEFORM
      PsiElement(FREEFORM_LINE)('http://ezyang.com')
  LIBRARY
    PsiElement(LIBRARY_KEY)('Library')
    BUILD_DEPENDS_KEY
      PsiElement(BUILD_DEPENDS_KEY)('Build-Depends')
      PsiElement(COLON)(':')
      DEPENDENCIES
        DEPENDENCY
          PsiElement(DEPENDENCY_NAME)('base')
        PsiElement(,)(',')
        DEPENDENCY
          PsiElement(DEPENDENCY_NAME)('ghc')
    GHC_OPTIONS
      PsiElement(GHC_OPTIONS_KEY)('ghc-options')
      PsiElement(COLON)(':')
      IDENT_LIST
        PsiElement(IDENT)('-O')
    EXPOSED_MODULES
      PsiElement(EXPOSED_MODULES_KEY)('Exposed-Modules')
      PsiElement(COLON)(':')
      MODULE_LIST
        MODULE
          MODULE_PART
            PsiElement(IDENT)('RuleDefiningPlugin')