Cabal File
  PKG_NAME
    PsiElement(NAME_KEY)('Name')
    PsiElement(COLON)(':')
    FREEFORM
      PsiElement(FREEFORM_LINE)('T7702plugin')
  PKG_VERSION
    PsiElement(VERSION_KEY)('Version')
    PsiElement(COLON)(':')
    FREEFORM
      PsiElement(FREEFORM_LINE)('0.1')
  SYNOPSIS
    PsiElement(SYNOPSIS_KEY)('Synopsis')
    PsiElement(COLON)(':')
    FREEFORM
      PsiElement(FREEFORM_LINE)('Plugin which tests space leak fix in Trac #7702')
  CABAL_VERSION
    PsiElement(CABAL_VERSION_KEY)('Cabal-Version')
    PsiElement(COLON)(':')
    FREEFORM
      PsiElement(FREEFORM_LINE)('>= 1.2')
  BUILD_TYPE
    PsiElement(BUILD_TYPE_KEY)('Build-Type')
    PsiElement(COLON)(':')
    FREEFORM
      PsiElement(FREEFORM_LINE)('Simple')
  AUTHOR
    PsiElement(AUTHOR_KEY)('Author')
    PsiElement(COLON)(':')
    FREEFORM
      PsiElement(FREEFORM_LINE)('Andrew Farmer')
  LIBRARY
    PsiElement(LIBRARY_KEY)('Library')
    BUILD_DEPENDS_KEY
      PsiElement(BUILD_DEPENDS_KEY)('Build-Depends')
      PsiElement(COLON)(':')
      DEPENDENCIES
        DEPENDENCY
          PsiElement(DEPENDENCY_NAME)('base')
        PsiElement(,)(',')
        DEPENDENCY
          PsiElement(DEPENDENCY_NAME)('ghc')
          DEPENDENCY_VERSION
            PsiElement(>=)('>=')
            PsiElement(NUMBERS)('7.2.1')
    EXPOSED_MODULES
      PsiElement(EXPOSED_MODULES_KEY)('Exposed-Modules')
      PsiElement(COLON)(':')
      MODULE_LIST
        MODULE
          MODULE_PART
            PsiElement(IDENT)('T7702Plugin')