WHITE_SPACE ('') 0-0
NAME_KEY ('name') 0-4
COLON (':') 4-5
WHITE_SPACE ('           ') 5-16
UNKNOWN_KEY ('HUnit') 16-21
EOL ('\n') 21-22
WHITE_SPACE ('') 22-22
WHITE_SPACE ('') 22-22
VERSION_KEY ('version') 22-29
COLON (':') 29-30
WHITE_SPACE ('        ') 30-38
NUMBERS ('1.1.1') 38-43
EOL ('\n') 43-44
WHITE_SPACE ('') 44-44
WHITE_SPACE ('') 44-44
SYNOPSIS_KEY ('synopsis') 44-52
COLON (':') 52-53
WHITE_SPACE ('       ') 53-60
UNKNOWN_KEY ('A') 60-61
WHITE_SPACE (' ') 61-62
UNKNOWN_KEY ('unit') 62-66
WHITE_SPACE (' ') 66-67
UNKNOWN_KEY ('testing') 67-74
WHITE_SPACE (' ') 74-75
UNKNOWN_KEY ('framework') 75-84
WHITE_SPACE (' ') 84-85
UNKNOWN_KEY ('for') 85-88
WHITE_SPACE (' ') 88-89
UNKNOWN_KEY ('Haskell') 89-96
EOL ('\n') 96-97
WHITE_SPACE ('') 97-97
WHITE_SPACE ('') 97-97
HOMEPAGE_KEY ('homepage') 97-105
COLON (':') 105-106
WHITE_SPACE ('       ') 106-113
UNKNOWN_KEY ('http') 113-117
COLON (':') 117-118
OTHER_CHAR ('/') 118-119
OTHER_CHAR ('/') 119-120
UNKNOWN_KEY ('hunit') 120-125
. ('.') 125-126
UNKNOWN_KEY ('sourceforge') 126-137
. ('.') 137-138
UNKNOWN_KEY ('net') 138-141
OTHER_CHAR ('/') 141-142
EOL ('\n') 142-143
WHITE_SPACE ('') 143-143
WHITE_SPACE ('') 143-143
CATEGORY_KEY ('category') 143-151
COLON (':') 151-152
WHITE_SPACE ('       ') 152-159
UNKNOWN_KEY ('Testing') 159-166
EOL ('\n') 166-167
WHITE_SPACE ('') 167-167
WHITE_SPACE ('') 167-167
AUTHOR_KEY ('author') 167-173
COLON (':') 173-174
WHITE_SPACE ('         ') 174-183
UNKNOWN_KEY ('Dean') 183-187
WHITE_SPACE (' ') 187-188
UNKNOWN_KEY ('Herington') 188-197
EOL ('\n') 197-198
WHITE_SPACE ('') 198-198
WHITE_SPACE ('') 198-198
LICENSE_KEY ('license') 198-205
COLON (':') 205-206
WHITE_SPACE ('        ') 206-214
UNKNOWN_KEY ('BSD3') 214-218
EOL ('\n') 218-219
WHITE_SPACE ('') 219-219
WHITE_SPACE ('') 219-219
LICENSE_FILE_KEY ('license-file') 219-231
COLON (':') 231-232
WHITE_SPACE ('   ') 232-235
LICENSE_KEY ('LICENSE') 235-242
EOL ('\n') 242-243
WHITE_SPACE ('') 243-243
WHITE_SPACE ('') 243-243
CABAL_VERSION_KEY ('cabal-version') 243-256
COLON (':') 256-257
WHITE_SPACE ('  ') 257-259
>= ('>=') 259-261
WHITE_SPACE (' ') 261-262
NUMBERS ('1.10') 262-266
EOL ('\n') 266-267
WHITE_SPACE ('') 267-267
WHITE_SPACE ('') 267-267
BUILD_TYPE_KEY ('build-type') 267-277
COLON (':') 277-278
WHITE_SPACE ('     ') 278-283
UNKNOWN_KEY ('Simple') 283-289
EOL ('\n') 289-290
WHITE_SPACE ('\n') 290-291
WHITE_SPACE ('') 291-291
WHITE_SPACE ('') 291-291
LIBRARY_KEY ('library') 291-298
EOL ('\n') 298-299
INDENT (' ') 299-300
INDENT (' ') 300-301
WHITE_SPACE ('') 301-301
WHITE_SPACE ('') 301-301
BUILD_DEPENDS_KEY ('build-depends') 301-314
COLON (':') 314-315
WHITE_SPACE ('      ') 315-321
UNKNOWN_KEY ('base') 321-325
WHITE_SPACE (' ') 325-326
>= ('>=') 326-328
WHITE_SPACE (' ') 328-329
NUMBERS ('2') 329-330
WHITE_SPACE (' ') 330-331
&& ('&&') 331-333
WHITE_SPACE (' ') 333-334
< ('<') 334-335
WHITE_SPACE (' ') 335-336
NUMBERS ('4') 336-337
EOL ('\n') 337-338
WHITE_SPACE ('  ') 338-340
WHITE_SPACE ('') 340-340
EXPOSED_MODULES_KEY ('exposed-modules') 340-355
COLON (':') 355-356
WHITE_SPACE ('    ') 356-360
UNKNOWN_KEY ('Test') 360-364
. ('.') 364-365
UNKNOWN_KEY ('HUnit') 365-370
. ('.') 370-371
UNKNOWN_KEY ('Base') 371-375
, (',') 375-376
WHITE_SPACE (' ') 376-377
UNKNOWN_KEY ('Test') 377-381
. ('.') 381-382
UNKNOWN_KEY ('HUnit') 382-387
. ('.') 387-388
UNKNOWN_KEY ('Lang') 388-392
, (',') 392-393
EOL ('\n') 393-394
INDENT ('   ') 394-397
INDENT (' ') 397-398
INDENT (' ') 398-399
INDENT (' ') 399-400
INDENT (' ') 400-401
INDENT (' ') 401-402
INDENT (' ') 402-403
INDENT (' ') 403-404
INDENT (' ') 404-405
INDENT (' ') 405-406
INDENT (' ') 406-407
INDENT (' ') 407-408
INDENT (' ') 408-409
INDENT (' ') 409-410
INDENT (' ') 410-411
INDENT (' ') 411-412
INDENT (' ') 412-413
INDENT (' ') 413-414
INDENT (' ') 414-415
INDENT (' ') 415-416
WHITE_SPACE ('') 416-416
WHITE_SPACE ('') 416-416
UNKNOWN_KEY ('Test') 416-420
. ('.') 420-421
UNKNOWN_KEY ('HUnit') 421-426
. ('.') 426-427
UNKNOWN_KEY ('Terminal') 427-435
, (',') 435-436
WHITE_SPACE (' ') 436-437
UNKNOWN_KEY ('Test') 437-441
. ('.') 441-442
UNKNOWN_KEY ('HUnit') 442-447
. ('.') 447-448
UNKNOWN_KEY ('Text') 448-452
, (',') 452-453
WHITE_SPACE (' ') 453-454
UNKNOWN_KEY ('Test') 454-458
. ('.') 458-459
UNKNOWN_KEY ('HUnit') 459-464
EOL ('\n') 464-465
DEDENT ('') 465-465
DEDENT ('') 465-465
DEDENT ('') 465-465
DEDENT ('') 465-465
DEDENT ('') 465-465
DEDENT ('') 465-465
DEDENT ('') 465-465
DEDENT ('') 465-465
DEDENT ('') 465-465
DEDENT ('') 465-465
DEDENT ('') 465-465
DEDENT ('') 465-465
DEDENT ('') 465-465
DEDENT ('') 465-465
DEDENT ('') 465-465
DEDENT ('') 465-465
DEDENT ('') 465-465
DEDENT ('') 465-465
DEDENT ('') 465-465
DEDENT ('') 465-465
WHITE_SPACE ('  ') 465-467
WHITE_SPACE ('') 467-467
DEFAULT_EXTENSIONS_KEY ('default-extensions') 467-485
COLON (':') 485-486
WHITE_SPACE (' ') 486-487
UNKNOWN_KEY ('CPP') 487-490