WHITE_SPACE ('') 0-0
NAME_KEY ('name') 0-4
COLON (':') 4-5
WHITE_SPACE (' ') 5-6
UNKNOWN_KEY ('pkg') 6-9
EOL ('\n') 9-10
WHITE_SPACE ('') 10-10
WHITE_SPACE ('') 10-10
VERSION_KEY ('version') 10-17
COLON (':') 17-18
WHITE_SPACE (' ') 18-19
NUMBERS ('0') 19-20
EOL ('\n') 20-21
WHITE_SPACE ('\n') 21-22
WHITE_SPACE ('') 22-22
WHITE_SPACE ('') 22-22
LIBRARY_KEY ('Library') 22-29
EOL ('\n') 29-30
INDENT (' ') 30-31
INDENT (' ') 31-32
INDENT (' ') 32-33
INDENT (' ') 33-34
WHITE_SPACE ('') 34-34
WHITE_SPACE ('') 34-34
EXPOSED_MODULES_KEY ('Exposed-Modules') 34-49
COLON (':') 49-50
WHITE_SPACE (' ') 50-51
UNKNOWN_KEY ('A') 51-52
WHITE_SPACE (' ') 52-53
UNKNOWN_KEY ('B') 53-54
WHITE_SPACE (' ') 54-55
UNKNOWN_KEY ('C') 55-56