WHITE_SPACE ('') 0-0
NAME_KEY ('Name') 0-4
COLON (':') 4-5
WHITE_SPACE (' ') 5-6
UNKNOWN_KEY ('ghctags') 6-13
EOL ('\n') 13-14
WHITE_SPACE ('') 14-14
WHITE_SPACE ('') 14-14
VERSION_KEY ('Version') 14-21
COLON (':') 21-22
WHITE_SPACE (' ') 22-23
NUMBERS ('0.1') 23-26
EOL ('\n') 26-27
WHITE_SPACE ('') 27-27
WHITE_SPACE ('') 27-27
COPYRIGHT_KEY ('Copyright') 27-36
COLON (':') 36-37
WHITE_SPACE (' ') 37-38
UNKNOWN_KEY ('XXX') 38-41
EOL ('\n') 41-42
WHITE_SPACE ('') 42-42
WHITE_SPACE ('') 42-42
LICENSE_KEY ('License') 42-49
COLON (':') 49-50
WHITE_SPACE (' ') 50-51
UNKNOWN_KEY ('BSD3') 51-55
EOL ('\n') 55-56
COMMENT ('-- XXX License-File: LICENSE') 56-84
WHITE_SPACE ('\n') 84-85
WHITE_SPACE ('') 85-85
WHITE_SPACE ('') 85-85
AUTHOR_KEY ('Author') 85-91
COLON (':') 91-92
WHITE_SPACE (' ') 92-93
UNKNOWN_KEY ('XXX') 93-96
EOL ('\n') 96-97
WHITE_SPACE ('') 97-97
WHITE_SPACE ('') 97-97
MAINTAINER_KEY ('Maintainer') 97-107
COLON (':') 107-108
WHITE_SPACE (' ') 108-109
UNKNOWN_KEY ('XXX') 109-112
EOL ('\n') 112-113
WHITE_SPACE ('') 113-113
WHITE_SPACE ('') 113-113
SYNOPSIS_KEY ('Synopsis') 113-121
COLON (':') 121-122
WHITE_SPACE (' ') 122-123
UNKNOWN_KEY ('A') 123-124
WHITE_SPACE (' ') 124-125
UNKNOWN_KEY ('simple') 125-131
WHITE_SPACE (' ') 131-132
UNKNOWN_KEY ('generator') 132-141
WHITE_SPACE (' ') 141-142
UNKNOWN_KEY ('of') 142-144
WHITE_SPACE (' ') 144-145
UNKNOWN_KEY ('vi-') 145-148
WHITE_SPACE (' ') 148-149
UNKNOWN_KEY ('and') 149-152
WHITE_SPACE (' ') 152-153
UNKNOWN_KEY ('emacs-compatible') 153-169
WHITE_SPACE (' ') 169-170
UNKNOWN_KEY ('TAGS') 170-174
WHITE_SPACE (' ') 174-175
UNKNOWN_KEY ('files') 175-180
. ('.') 180-181
EOL ('\n') 181-182
WHITE_SPACE ('') 182-182
WHITE_SPACE ('') 182-182
DESCRIPTION_KEY ('Description') 182-193
COLON (':') 193-194
WHITE_SPACE (' ') 194-195
UNKNOWN_KEY ('XXX') 195-198
EOL ('\n') 198-199
WHITE_SPACE ('') 199-199
WHITE_SPACE ('') 199-199
CATEGORY_KEY ('Category') 199-207
COLON (':') 207-208
WHITE_SPACE (' ') 208-209
UNKNOWN_KEY ('Development') 209-220
EOL ('\n') 220-221
WHITE_SPACE ('') 221-221
WHITE_SPACE ('') 221-221
BUILD_TYPE_KEY ('build-type') 221-231
COLON (':') 231-232
WHITE_SPACE (' ') 232-233
UNKNOWN_KEY ('Simple') 233-239
EOL ('\n') 239-240
WHITE_SPACE ('') 240-240
WHITE_SPACE ('') 240-240
CABAL_VERSION_KEY ('cabal-version') 240-253
COLON (':') 253-254
WHITE_SPACE (' ') 254-255
>= ('>=') 255-257
NUMBERS ('1.10') 257-261
EOL ('\n') 261-262
WHITE_SPACE ('\n') 262-263
WHITE_SPACE ('') 263-263
WHITE_SPACE ('') 263-263
EXECUTABLE_KEY ('Executable') 263-273
WHITE_SPACE (' ') 273-274
UNKNOWN_KEY ('ghctags') 274-281
EOL ('\n') 281-282
INDENT (' ') 282-283
INDENT (' ') 283-284
INDENT (' ') 284-285
INDENT (' ') 285-286
WHITE_SPACE ('') 286-286
WHITE_SPACE ('') 286-286
DEFAULT_LANGUAGE_KEY ('Default-Language') 286-302
COLON (':') 302-303
WHITE_SPACE (' ') 303-304
UNKNOWN_KEY ('Haskell2010') 304-315
EOL ('\n') 315-316
WHITE_SPACE ('\n') 316-317
WHITE_SPACE ('    ') 317-321
WHITE_SPACE ('') 321-321
MAIN_IS_KEY ('Main-Is') 321-328
COLON (':') 328-329
WHITE_SPACE (' ') 329-330
UNKNOWN_KEY ('Main') 330-334
. ('.') 334-335
UNKNOWN_KEY ('hs') 335-337
EOL ('\n') 337-338
WHITE_SPACE ('\n') 338-339
WHITE_SPACE ('    ') 339-343
WHITE_SPACE ('') 343-343
BUILD_DEPENDS_KEY ('Build-Depends') 343-356
COLON (':') 356-357
WHITE_SPACE (' ') 357-358
UNKNOWN_KEY ('base') 358-362
WHITE_SPACE ('       ') 362-369
>= ('>=') 369-371
WHITE_SPACE (' ') 371-372
NUMBERS ('4') 372-373
WHITE_SPACE ('   ') 373-376
&& ('&&') 376-378
WHITE_SPACE (' ') 378-379
< ('<') 379-380
WHITE_SPACE (' ') 380-381
NUMBERS ('5') 381-382
, (',') 382-383
EOL ('\n') 383-384
INDENT ('     ') 384-389
INDENT (' ') 389-390
INDENT (' ') 390-391
INDENT (' ') 391-392
INDENT (' ') 392-393
INDENT (' ') 393-394
INDENT (' ') 394-395
INDENT (' ') 395-396
INDENT (' ') 396-397
INDENT (' ') 397-398
INDENT (' ') 398-399
INDENT (' ') 399-400
INDENT (' ') 400-401
INDENT (' ') 401-402
INDENT (' ') 402-403
WHITE_SPACE ('') 403-403
WHITE_SPACE ('') 403-403
UNKNOWN_KEY ('containers') 403-413
, (',') 413-414
EOL ('\n') 414-415
WHITE_SPACE ('                   ') 415-434
WHITE_SPACE ('') 434-434
UNKNOWN_KEY ('Cabal') 434-439
WHITE_SPACE ('      ') 439-445
>= ('>=') 445-447
WHITE_SPACE (' ') 447-448
NUMBERS ('1.25') 448-452
WHITE_SPACE (' ') 452-453
&& ('&&') 453-455
WHITE_SPACE (' ') 455-456
< ('<') 456-457
NUMBERS ('1.27') 457-461
, (',') 461-462
EOL ('\n') 462-463
WHITE_SPACE ('                   ') 463-482
WHITE_SPACE ('') 482-482
UNKNOWN_KEY ('ghc') 482-485