WHITE_SPACE ('') 0-0
NAME_KEY ('Name') 0-4
COLON (':') 4-5
WHITE_SPACE (' ') 5-6
UNKNOWN_KEY ('genapply') 6-14
EOL ('\n') 14-15
WHITE_SPACE ('') 15-15
WHITE_SPACE ('') 15-15
VERSION_KEY ('Version') 15-22
COLON (':') 22-23
WHITE_SPACE (' ') 23-24
NUMBERS ('0.1') 24-27
EOL ('\n') 27-28
WHITE_SPACE ('') 28-28
WHITE_SPACE ('') 28-28
COPYRIGHT_KEY ('Copyright') 28-37
COLON (':') 37-38
WHITE_SPACE (' ') 38-39
UNKNOWN_KEY ('XXX') 39-42
EOL ('\n') 42-43
WHITE_SPACE ('') 43-43
WHITE_SPACE ('') 43-43
LICENSE_KEY ('License') 43-50
COLON (':') 50-51
WHITE_SPACE (' ') 51-52
UNKNOWN_KEY ('BSD3') 52-56
EOL ('\n') 56-57
COMMENT ('-- XXX License-File: LICENSE') 57-85
WHITE_SPACE ('\n') 85-86
COMMENT ('-- XXX Author:') 86-100
WHITE_SPACE ('\n') 100-101
COMMENT ('-- XXX Maintainer:') 101-119
WHITE_SPACE ('\n') 119-120
WHITE_SPACE ('') 120-120
WHITE_SPACE ('') 120-120
SYNOPSIS_KEY ('Synopsis') 120-128
COLON (':') 128-129
WHITE_SPACE (' ') 129-130
UNKNOWN_KEY ('Generate') 130-138
WHITE_SPACE (' ') 138-139
UNKNOWN_KEY ('the') 139-142
WHITE_SPACE (' ') 142-143
UNKNOWN_KEY ('application') 143-154
WHITE_SPACE (' ') 154-155
UNKNOWN_KEY ('closures') 155-163
EOL ('\n') 163-164
WHITE_SPACE ('') 164-164
WHITE_SPACE ('') 164-164
DESCRIPTION_KEY ('Description') 164-175
COLON (':') 175-176
EOL ('\n') 176-177
INDENT (' ') 177-178
INDENT (' ') 178-179
INDENT (' ') 179-180
INDENT (' ') 180-181
WHITE_SPACE ('') 181-181
WHITE_SPACE ('') 181-181
UNKNOWN_KEY ('This') 181-185
WHITE_SPACE (' ') 185-186
UNKNOWN_KEY ('script') 186-192
WHITE_SPACE (' ') 192-193
UNKNOWN_KEY ('is') 193-195
WHITE_SPACE (' ') 195-196
UNKNOWN_KEY ('responsible') 196-207
WHITE_SPACE (' ') 207-208
UNKNOWN_KEY ('for') 208-211
WHITE_SPACE (' ') 211-212
UNKNOWN_KEY ('generating') 212-222
WHITE_SPACE (' ') 222-223
UNKNOWN_KEY ('the') 223-226
WHITE_SPACE (' ') 226-227
OTHER_CHAR ('@') 227-228
UNKNOWN_KEY ('AutoApply') 228-237
. ('.') 237-238
UNKNOWN_KEY ('cmm') 238-241
OTHER_CHAR ('@') 241-242
WHITE_SPACE (' ') 242-243
UNKNOWN_KEY ('source') 243-249
EOL ('\n') 249-250
WHITE_SPACE ('    ') 250-254
WHITE_SPACE ('') 254-254
UNKNOWN_KEY ('file') 254-258
WHITE_SPACE (' ') 258-259
UNKNOWN_KEY ('during') 259-265
WHITE_SPACE (' ') 265-266
UNKNOWN_KEY ('the') 266-269
WHITE_SPACE (' ') 269-270
UNKNOWN_KEY ('build') 270-275
WHITE_SPACE (' ') 275-276
UNKNOWN_KEY ('process') 276-283
WHITE_SPACE (' ') 283-284
UNKNOWN_KEY ('of') 284-286
WHITE_SPACE (' ') 286-287
UNKNOWN_KEY ('GHC') 287-290
OTHER_CHAR (''') 290-291
UNKNOWN_KEY ('s') 291-292
WHITE_SPACE (' ') 292-293
UNKNOWN_KEY ('runtime') 293-300
WHITE_SPACE (' ') 300-301
UNKNOWN_KEY ('system') 301-307
. ('.') 307-308
WHITE_SPACE (' ') 308-309
UNKNOWN_KEY ('This') 309-313
WHITE_SPACE (' ') 313-314
UNKNOWN_KEY ('file') 314-318
EOL ('\n') 318-319
WHITE_SPACE ('    ') 319-323
WHITE_SPACE ('') 323-323
UNKNOWN_KEY ('defines') 323-330
WHITE_SPACE (' ') 330-331
UNKNOWN_KEY ('the') 331-334
WHITE_SPACE (' ') 334-335
UNKNOWN_KEY ('standard') 335-343
WHITE_SPACE (' ') 343-344
UNKNOWN_KEY ('closures') 344-352
WHITE_SPACE (' ') 352-353
UNKNOWN_KEY ('used') 353-357
WHITE_SPACE (' ') 357-358
UNKNOWN_KEY ('to') 358-360
WHITE_SPACE (' ') 360-361
UNKNOWN_KEY ('represent') 361-370
WHITE_SPACE (' ') 370-371
UNKNOWN_KEY ('application') 371-382
WHITE_SPACE (' ') 382-383
UNKNOWN_KEY ('of') 383-385
WHITE_SPACE (' ') 385-386
UNKNOWN_KEY ('functions') 386-395
EOL ('\n') 395-396
WHITE_SPACE ('    ') 396-400
WHITE_SPACE ('') 400-400
UNKNOWN_KEY ('of') 400-402
WHITE_SPACE (' ') 402-403
UNKNOWN_KEY ('various') 403-410
WHITE_SPACE (' ') 410-411
UNKNOWN_KEY ('arities') 411-418
. ('.') 418-419
EOL ('\n') 419-420
DEDENT ('') 420-420
DEDENT ('') 420-420
DEDENT ('') 420-420
DEDENT ('') 420-420
WHITE_SPACE ('') 420-420
WHITE_SPACE ('') 420-420
BUILD_TYPE_KEY ('build-type') 420-430
COLON (':') 430-431
WHITE_SPACE (' ') 431-432
UNKNOWN_KEY ('Simple') 432-438
EOL ('\n') 438-439
WHITE_SPACE ('') 439-439
WHITE_SPACE ('') 439-439
CABAL_VERSION_KEY ('cabal-version') 439-452
COLON (':') 452-453
WHITE_SPACE (' ') 453-454
>= ('>=') 454-456
NUMBERS ('1.10') 456-460
EOL ('\n') 460-461
WHITE_SPACE ('\n') 461-462
WHITE_SPACE ('') 462-462
WHITE_SPACE ('') 462-462
FLAG ('Flag') 462-466
WHITE_SPACE (' ') 466-467
UNKNOWN_KEY ('unregisterised') 467-481
EOL ('\n') 481-482
INDENT (' ') 482-483
INDENT (' ') 483-484
INDENT (' ') 484-485
INDENT (' ') 485-486
WHITE_SPACE ('') 486-486
WHITE_SPACE ('') 486-486
DESCRIPTION_KEY ('description') 486-497
COLON (':') 497-498
WHITE_SPACE (' ') 498-499
UNKNOWN_KEY ('Are') 499-502
WHITE_SPACE (' ') 502-503
UNKNOWN_KEY ('we') 503-505
WHITE_SPACE (' ') 505-506
UNKNOWN_KEY ('building') 506-514
WHITE_SPACE (' ') 514-515
UNKNOWN_KEY ('an') 515-517
WHITE_SPACE (' ') 517-518
UNKNOWN_KEY ('unregisterised') 518-532
WHITE_SPACE (' ') 532-533
UNKNOWN_KEY ('compiler') 533-541
OTHER_CHAR ('?') 541-542
EOL ('\n') 542-543
WHITE_SPACE ('    ') 543-547
WHITE_SPACE ('') 547-547
DEFAULT_KEY ('default') 547-554
COLON (':') 554-555
WHITE_SPACE ('     ') 555-560
FALSE ('False') 560-565
EOL ('\n') 565-566
WHITE_SPACE ('    ') 566-570
WHITE_SPACE ('') 570-570
MANUAL_KEY ('manual') 570-576
COLON (':') 576-577
WHITE_SPACE ('      ') 577-583
TRUE ('True') 583-587
EOL ('\n') 587-588
WHITE_SPACE ('\n') 588-589
DEDENT ('') 589-589
DEDENT ('') 589-589
DEDENT ('') 589-589
DEDENT ('') 589-589
WHITE_SPACE ('') 589-589
WHITE_SPACE ('') 589-589
EXECUTABLE_KEY ('Executable') 589-599
WHITE_SPACE (' ') 599-600
UNKNOWN_KEY ('genapply') 600-608
EOL ('\n') 608-609
INDENT (' ') 609-610
INDENT (' ') 610-611
INDENT (' ') 611-612
INDENT (' ') 612-613
WHITE_SPACE ('') 613-613
WHITE_SPACE ('') 613-613
DEFAULT_LANGUAGE_KEY ('Default-Language') 613-629
COLON (':') 629-630
WHITE_SPACE (' ') 630-631
UNKNOWN_KEY ('Haskell2010') 631-642
EOL ('\n') 642-643
WHITE_SPACE ('    ') 643-647
WHITE_SPACE ('') 647-647
MAIN_IS_KEY ('Main-Is') 647-654
COLON (':') 654-655
WHITE_SPACE (' ') 655-656
UNKNOWN_KEY ('Main') 656-660
. ('.') 660-661
UNKNOWN_KEY ('hs') 661-663
EOL ('\n') 663-664
WHITE_SPACE ('    ') 664-668
WHITE_SPACE ('') 668-668
BUILD_DEPENDS_KEY ('Build-Depends') 668-681
COLON (':') 681-682
WHITE_SPACE (' ') 682-683
UNKNOWN_KEY ('base') 683-687
WHITE_SPACE ('       ') 687-694
>= ('>=') 694-696
WHITE_SPACE (' ') 696-697
NUMBERS ('3') 697-698
WHITE_SPACE ('   ') 698-701
&& ('&&') 701-703
WHITE_SPACE (' ') 703-704
< ('<') 704-705
WHITE_SPACE (' ') 705-706
NUMBERS ('5') 706-707
, (',') 707-708
EOL ('\n') 708-709
INDENT ('     ') 709-714
INDENT (' ') 714-715
INDENT (' ') 715-716
INDENT (' ') 716-717
INDENT (' ') 717-718
INDENT (' ') 718-719
INDENT (' ') 719-720
INDENT (' ') 720-721
INDENT (' ') 721-722
INDENT (' ') 722-723
INDENT (' ') 723-724
INDENT (' ') 724-725
INDENT (' ') 725-726
INDENT (' ') 726-727
INDENT (' ') 727-728
WHITE_SPACE ('') 728-728
WHITE_SPACE ('') 728-728
UNKNOWN_KEY ('pretty') 728-734
EOL ('\n') 734-735
WHITE_SPACE ('\n') 735-736
DEDENT ('') 736-736
DEDENT ('') 736-736
DEDENT ('') 736-736
DEDENT ('') 736-736
DEDENT ('') 736-736
DEDENT ('') 736-736
DEDENT ('') 736-736
DEDENT ('') 736-736
DEDENT ('') 736-736
DEDENT ('') 736-736
DEDENT ('') 736-736
DEDENT ('') 736-736
DEDENT ('') 736-736
DEDENT ('') 736-736
DEDENT ('') 736-736
WHITE_SPACE ('    ') 736-740
WHITE_SPACE ('') 740-740
IF ('if') 740-742
WHITE_SPACE (' ') 742-743
FLAG ('flag') 743-747
( ('(') 747-748
UNKNOWN_KEY ('unregisterised') 748-762
) (')') 762-763
EOL ('\n') 763-764
INDENT ('     ') 764-769
INDENT (' ') 769-770
INDENT (' ') 770-771
INDENT (' ') 771-772
WHITE_SPACE ('') 772-772
WHITE_SPACE ('') 772-772
CPP_OPTIONS_KEY ('Cpp-Options') 772-783
COLON (':') 783-784
WHITE_SPACE (' ') 784-785
- ('-') 785-786
UNKNOWN_KEY ('DNO_REGS') 786-794