WHITE_SPACE ('') 0-0
NAME_KEY ('Name') 0-4
COLON (':') 4-5
WHITE_SPACE (' ') 5-6
UNKNOWN_KEY ('check-api-annotations') 6-27
EOL ('\n') 27-28
WHITE_SPACE ('') 28-28
WHITE_SPACE ('') 28-28
VERSION_KEY ('Version') 28-35
COLON (':') 35-36
WHITE_SPACE (' ') 36-37
NUMBERS ('0.1') 37-40
EOL ('\n') 40-41
WHITE_SPACE ('') 41-41
WHITE_SPACE ('') 41-41
COPYRIGHT_KEY ('Copyright') 41-50
COLON (':') 50-51
WHITE_SPACE (' ') 51-52
UNKNOWN_KEY ('XXX') 52-55
EOL ('\n') 55-56
WHITE_SPACE ('') 56-56
WHITE_SPACE ('') 56-56
LICENSE_KEY ('License') 56-63
COLON (':') 63-64
WHITE_SPACE (' ') 64-65
UNKNOWN_KEY ('BSD3') 65-69
EOL ('\n') 69-70
COMMENT ('-- XXX License-File: LICENSE') 70-98
WHITE_SPACE ('\n') 98-99
WHITE_SPACE ('') 99-99
WHITE_SPACE ('') 99-99
AUTHOR_KEY ('Author') 99-105
COLON (':') 105-106
WHITE_SPACE (' ') 106-107
UNKNOWN_KEY ('XXX') 107-110
EOL ('\n') 110-111
WHITE_SPACE ('') 111-111
WHITE_SPACE ('') 111-111
MAINTAINER_KEY ('Maintainer') 111-121
COLON (':') 121-122
WHITE_SPACE (' ') 122-123
UNKNOWN_KEY ('XXX') 123-126
EOL ('\n') 126-127
WHITE_SPACE ('') 127-127
WHITE_SPACE ('') 127-127
SYNOPSIS_KEY ('Synopsis') 127-135
COLON (':') 135-136
WHITE_SPACE (' ') 136-137
UNKNOWN_KEY ('A') 137-138
WHITE_SPACE (' ') 138-139
UNKNOWN_KEY ('utilities') 139-148
WHITE_SPACE (' ') 148-149
UNKNOWN_KEY ('for') 149-152
WHITE_SPACE (' ') 152-153
UNKNOWN_KEY ('checking') 153-161
WHITE_SPACE (' ') 161-162
UNKNOWN_KEY ('the') 162-165
WHITE_SPACE (' ') 165-166
UNKNOWN_KEY ('consistency') 166-177
WHITE_SPACE (' ') 177-178
UNKNOWN_KEY ('of') 178-180
WHITE_SPACE (' ') 180-181
UNKNOWN_KEY ('GHC') 181-184
OTHER_CHAR (''') 184-185
UNKNOWN_KEY ('s') 185-186
WHITE_SPACE (' ') 186-187
UNKNOWN_KEY ('API') 187-190
WHITE_SPACE (' ') 190-191
UNKNOWN_KEY ('annotations') 191-202
. ('.') 202-203
EOL ('\n') 203-204
WHITE_SPACE ('') 204-204
WHITE_SPACE ('') 204-204
DESCRIPTION_KEY ('Description') 204-215
COLON (':') 215-216
EOL ('\n') 216-217
INDENT (' ') 217-218
INDENT (' ') 218-219
INDENT (' ') 219-220
INDENT (' ') 220-221
WHITE_SPACE ('') 221-221
WHITE_SPACE ('') 221-221
UNKNOWN_KEY ('This') 221-225
WHITE_SPACE (' ') 225-226
UNKNOWN_KEY ('utility') 226-233
WHITE_SPACE (' ') 233-234
UNKNOWN_KEY ('is') 234-236
WHITE_SPACE (' ') 236-237
UNKNOWN_KEY ('used') 237-241
WHITE_SPACE (' ') 241-242
UNKNOWN_KEY ('to') 242-244
WHITE_SPACE (' ') 244-245
UNKNOWN_KEY ('check') 245-250
WHITE_SPACE (' ') 250-251
UNKNOWN_KEY ('the') 251-254
WHITE_SPACE (' ') 254-255
UNKNOWN_KEY ('consistency') 255-266
WHITE_SPACE (' ') 266-267
UNKNOWN_KEY ('between') 267-274
WHITE_SPACE (' ') 274-275
UNKNOWN_KEY ('GHC') 275-278
OTHER_CHAR (''') 278-279
UNKNOWN_KEY ('s') 279-280
WHITE_SPACE (' ') 280-281
UNKNOWN_KEY ('syntax') 281-287
WHITE_SPACE (' ') 287-288
UNKNOWN_KEY ('tree') 288-292
EOL ('\n') 292-293
WHITE_SPACE ('    ') 293-297
WHITE_SPACE ('') 297-297
UNKNOWN_KEY ('and') 297-300
WHITE_SPACE (' ') 300-301
UNKNOWN_KEY ('API') 301-304
WHITE_SPACE (' ') 304-305
UNKNOWN_KEY ('annotations') 305-316
WHITE_SPACE (' ') 316-317
UNKNOWN_KEY ('used') 317-321
WHITE_SPACE (' ') 321-322
UNKNOWN_KEY ('to') 322-324
WHITE_SPACE (' ') 324-325
UNKNOWN_KEY ('track') 325-330
WHITE_SPACE (' ') 330-331
UNKNOWN_KEY ('token-level') 331-342
WHITE_SPACE (' ') 342-343
UNKNOWN_KEY ('details') 343-350
WHITE_SPACE (' ') 350-351
UNKNOWN_KEY ('of') 351-353
WHITE_SPACE (' ') 353-354
UNKNOWN_KEY ('the') 354-357
WHITE_SPACE (' ') 357-358
UNKNOWN_KEY ('original') 358-366
EOL ('\n') 366-367
WHITE_SPACE ('    ') 367-371
WHITE_SPACE ('') 371-371
UNKNOWN_KEY ('source') 371-377
WHITE_SPACE (' ') 377-378
UNKNOWN_KEY ('file') 378-382
. ('.') 382-383
WHITE_SPACE (' ') 383-384
UNKNOWN_KEY ('See') 384-387
WHITE_SPACE (' ') 387-388
OTHER_CHAR ('@') 388-389
UNKNOWN_KEY ('utils') 389-394
OTHER_CHAR ('/') 394-395
UNKNOWN_KEY ('check-api-annotations') 395-416
OTHER_CHAR ('/') 416-417
UNKNOWN_KEY ('README') 417-423
OTHER_CHAR ('@') 423-424
WHITE_SPACE (' ') 424-425
UNKNOWN_KEY ('in') 425-427
WHITE_SPACE (' ') 427-428
UNKNOWN_KEY ('GHC') 428-431
OTHER_CHAR (''') 431-432
UNKNOWN_KEY ('s') 432-433
WHITE_SPACE (' ') 433-434
UNKNOWN_KEY ('source') 434-440
EOL ('\n') 440-441
WHITE_SPACE ('    ') 441-445
WHITE_SPACE ('') 445-445
UNKNOWN_KEY ('distribution') 445-457
WHITE_SPACE (' ') 457-458
UNKNOWN_KEY ('for') 458-461
WHITE_SPACE (' ') 461-462
UNKNOWN_KEY ('details') 462-469
. ('.') 469-470
EOL ('\n') 470-471
DEDENT ('') 471-471
DEDENT ('') 471-471
DEDENT ('') 471-471
DEDENT ('') 471-471
WHITE_SPACE ('') 471-471
WHITE_SPACE ('') 471-471
CATEGORY_KEY ('Category') 471-479
COLON (':') 479-480
WHITE_SPACE (' ') 480-481
UNKNOWN_KEY ('Development') 481-492
EOL ('\n') 492-493
WHITE_SPACE ('') 493-493
WHITE_SPACE ('') 493-493
BUILD_TYPE_KEY ('build-type') 493-503
COLON (':') 503-504
WHITE_SPACE (' ') 504-505
UNKNOWN_KEY ('Simple') 505-511
EOL ('\n') 511-512
WHITE_SPACE ('') 512-512
WHITE_SPACE ('') 512-512
CABAL_VERSION_KEY ('cabal-version') 512-525
COLON (':') 525-526
WHITE_SPACE (' ') 526-527
>= ('>=') 527-529
NUMBERS ('1.10') 529-533
EOL ('\n') 533-534
WHITE_SPACE ('\n') 534-535
WHITE_SPACE ('') 535-535
WHITE_SPACE ('') 535-535
EXECUTABLE_KEY ('Executable') 535-545
WHITE_SPACE (' ') 545-546
UNKNOWN_KEY ('check-api-annotations') 546-567
EOL ('\n') 567-568
INDENT (' ') 568-569
INDENT (' ') 569-570
INDENT (' ') 570-571
INDENT (' ') 571-572
WHITE_SPACE ('') 572-572
WHITE_SPACE ('') 572-572
DEFAULT_LANGUAGE_KEY ('Default-Language') 572-588
COLON (':') 588-589
WHITE_SPACE (' ') 589-590
UNKNOWN_KEY ('Haskell2010') 590-601
EOL ('\n') 601-602
WHITE_SPACE ('\n') 602-603
WHITE_SPACE ('    ') 603-607
WHITE_SPACE ('') 607-607
MAIN_IS_KEY ('Main-Is') 607-614
COLON (':') 614-615
WHITE_SPACE (' ') 615-616
UNKNOWN_KEY ('Main') 616-620
. ('.') 620-621
UNKNOWN_KEY ('hs') 621-623
EOL ('\n') 623-624
WHITE_SPACE ('\n') 624-625
WHITE_SPACE ('    ') 625-629
WHITE_SPACE ('') 629-629
GHC_OPTIONS_KEY ('Ghc-Options') 629-640
COLON (':') 640-641
WHITE_SPACE (' ') 641-642
- ('-') 642-643
UNKNOWN_KEY ('Wall') 643-647
EOL ('\n') 647-648
WHITE_SPACE ('\n') 648-649
WHITE_SPACE ('    ') 649-653
WHITE_SPACE ('') 653-653
BUILD_DEPENDS_KEY ('Build-Depends') 653-666
COLON (':') 666-667
WHITE_SPACE (' ') 667-668
UNKNOWN_KEY ('base') 668-672
WHITE_SPACE ('       ') 672-679
>= ('>=') 679-681
WHITE_SPACE (' ') 681-682
NUMBERS ('4') 682-683
WHITE_SPACE ('   ') 683-686
&& ('&&') 686-688
WHITE_SPACE (' ') 688-689
< ('<') 689-690
WHITE_SPACE (' ') 690-691
NUMBERS ('5') 691-692
, (',') 692-693
EOL ('\n') 693-694
INDENT ('     ') 694-699
INDENT (' ') 699-700
INDENT (' ') 700-701
INDENT (' ') 701-702
INDENT (' ') 702-703
INDENT (' ') 703-704
INDENT (' ') 704-705
INDENT (' ') 705-706
INDENT (' ') 706-707
INDENT (' ') 707-708
INDENT (' ') 708-709
INDENT (' ') 709-710
INDENT (' ') 710-711
INDENT (' ') 711-712
INDENT (' ') 712-713
WHITE_SPACE ('') 713-713
WHITE_SPACE ('') 713-713
UNKNOWN_KEY ('containers') 713-723
, (',') 723-724
EOL ('\n') 724-725
WHITE_SPACE ('                   ') 725-744
WHITE_SPACE ('') 744-744
UNKNOWN_KEY ('Cabal') 744-749
WHITE_SPACE ('      ') 749-755
>= ('>=') 755-757
WHITE_SPACE (' ') 757-758
NUMBERS ('1.25') 758-762
WHITE_SPACE (' ') 762-763
&& ('&&') 763-765
WHITE_SPACE (' ') 765-766
< ('<') 766-767
NUMBERS ('1.27') 767-771
, (',') 771-772
EOL ('\n') 772-773
WHITE_SPACE ('                   ') 773-792
WHITE_SPACE ('') 792-792
UNKNOWN_KEY ('directory') 792-801
, (',') 801-802
EOL ('\n') 802-803
WHITE_SPACE ('                   ') 803-822
WHITE_SPACE ('') 822-822
UNKNOWN_KEY ('ghc') 822-825