WHITE_SPACE ('') 0-0
NAME_KEY ('name') 0-4
COLON (':') 4-5
WHITE_SPACE ('                 ') 5-22
UNKNOWN_KEY ('compareSizes') 22-34
EOL ('\n') 34-35
WHITE_SPACE ('') 35-35
WHITE_SPACE ('') 35-35
VERSION_KEY ('version') 35-42
COLON (':') 42-43
WHITE_SPACE ('              ') 43-57
NUMBERS ('0.1.0.0') 57-64
EOL ('\n') 64-65
WHITE_SPACE ('') 65-65
WHITE_SPACE ('') 65-65
CABAL_VERSION_KEY ('cabal-version') 65-78
COLON (':') 78-79
WHITE_SPACE ('        ') 79-87
>= ('>=') 87-89
NUMBERS ('1.10') 89-93
EOL ('\n') 93-94
WHITE_SPACE ('') 94-94
WHITE_SPACE ('') 94-94
LICENSE_KEY ('license') 94-101
COLON (':') 101-102
WHITE_SPACE ('              ') 102-116
UNKNOWN_KEY ('BSD3') 116-120
EOL ('\n') 120-121
WHITE_SPACE ('') 121-121
WHITE_SPACE ('') 121-121
BUILD_TYPE_KEY ('build-type') 121-131
COLON (':') 131-132
WHITE_SPACE ('           ') 132-143
UNKNOWN_KEY ('Simple') 143-149
EOL ('\n') 149-150
WHITE_SPACE ('') 150-150
WHITE_SPACE ('') 150-150
LICENSE_FILE_KEY ('license-file') 150-162
COLON (':') 162-163
WHITE_SPACE ('         ') 163-172
LICENSE_KEY ('LICENSE') 172-179
EOL ('\n') 179-180
WHITE_SPACE ('') 180-180
WHITE_SPACE ('') 180-180
STABILITY_KEY ('stability') 180-189
COLON (':') 189-190
WHITE_SPACE ('            ') 190-202
UNKNOWN_KEY ('experimental') 202-214
EOL ('\n') 214-215
WHITE_SPACE ('') 215-215
WHITE_SPACE ('') 215-215
SYNOPSIS_KEY ('synopsis') 215-223
COLON (':') 223-224
WHITE_SPACE ('             ') 224-237
UNKNOWN_KEY ('Size') 237-241
WHITE_SPACE (' ') 241-242
UNKNOWN_KEY ('comparison') 242-252
WHITE_SPACE (' ') 252-253
UNKNOWN_KEY ('utility') 253-260
. ('.') 260-261
EOL ('\n') 261-262
WHITE_SPACE ('') 262-262
WHITE_SPACE ('') 262-262
DESCRIPTION_KEY ('description') 262-273
COLON (':') 273-274
WHITE_SPACE ('          ') 274-284
UNKNOWN_KEY ('A') 284-285
WHITE_SPACE (' ') 285-286
UNKNOWN_KEY ('small') 286-291
WHITE_SPACE (' ') 291-292
UNKNOWN_KEY ('utility') 292-299
WHITE_SPACE (' ') 299-300
UNKNOWN_KEY ('for') 300-303
WHITE_SPACE (' ') 303-304
UNKNOWN_KEY ('comparing') 304-313
WHITE_SPACE (' ') 313-314
UNKNOWN_KEY ('the') 314-317
WHITE_SPACE (' ') 317-318
UNKNOWN_KEY ('sizes') 318-323
WHITE_SPACE (' ') 323-324
UNKNOWN_KEY ('of') 324-326
WHITE_SPACE (' ') 326-327
UNKNOWN_KEY ('files') 327-332
WHITE_SPACE (' ') 332-333
UNKNOWN_KEY ('used') 333-337
WHITE_SPACE (' ') 337-338
UNKNOWN_KEY ('by') 338-340
EOL ('\n') 340-341
INDENT (' ') 341-342
INDENT (' ') 342-343
INDENT (' ') 343-344
INDENT (' ') 344-345
INDENT (' ') 345-346
INDENT (' ') 346-347
INDENT (' ') 347-348
INDENT (' ') 348-349
INDENT (' ') 349-350
INDENT (' ') 350-351
INDENT (' ') 351-352
INDENT (' ') 352-353
INDENT (' ') 353-354
INDENT (' ') 354-355
INDENT (' ') 355-356
INDENT (' ') 356-357
INDENT (' ') 357-358
INDENT (' ') 358-359
INDENT (' ') 359-360
INDENT (' ') 360-361
INDENT (' ') 361-362
INDENT (' ') 362-363
WHITE_SPACE ('') 363-363
WHITE_SPACE ('') 363-363
UNKNOWN_KEY ('the') 363-366
WHITE_SPACE (' ') 366-367
UNKNOWN_KEY ('GHC') 367-370
WHITE_SPACE (' ') 370-371
UNKNOWN_KEY ('build') 371-376
WHITE_SPACE (' ') 376-377
UNKNOWN_KEY ('system') 377-383
. ('.') 383-384
EOL ('\n') 384-385
DEDENT ('') 385-385
DEDENT ('') 385-385
DEDENT ('') 385-385
DEDENT ('') 385-385
DEDENT ('') 385-385
DEDENT ('') 385-385
DEDENT ('') 385-385
DEDENT ('') 385-385
DEDENT ('') 385-385
DEDENT ('') 385-385
DEDENT ('') 385-385
DEDENT ('') 385-385
DEDENT ('') 385-385
DEDENT ('') 385-385
DEDENT ('') 385-385
DEDENT ('') 385-385
DEDENT ('') 385-385
DEDENT ('') 385-385
DEDENT ('') 385-385
DEDENT ('') 385-385
DEDENT ('') 385-385
DEDENT ('') 385-385
WHITE_SPACE ('') 385-385
WHITE_SPACE ('') 385-385
CATEGORY_KEY ('category') 385-393
COLON (':') 393-394
WHITE_SPACE ('             ') 394-407
UNKNOWN_KEY ('Development') 407-418
EOL ('\n') 418-419
WHITE_SPACE ('\n') 419-420
WHITE_SPACE ('') 420-420
WHITE_SPACE ('') 420-420
EXECUTABLE_KEY ('executable') 420-430
WHITE_SPACE (' ') 430-431
UNKNOWN_KEY ('compareSizes') 431-443
EOL ('\n') 443-444
INDENT (' ') 444-445
INDENT (' ') 445-446
WHITE_SPACE ('') 446-446
WHITE_SPACE ('') 446-446
DEFAULT_LANGUAGE_KEY ('default-language') 446-462
COLON (':') 462-463
WHITE_SPACE (' ') 463-464
UNKNOWN_KEY ('Haskell2010') 464-475
EOL ('\n') 475-476
WHITE_SPACE ('\n') 476-477
WHITE_SPACE ('  ') 477-479
WHITE_SPACE ('') 479-479
BUILD_DEPENDS_KEY ('build-depends') 479-492
COLON (':') 492-493
EOL ('\n') 493-494
INDENT ('   ') 494-497
INDENT (' ') 497-498
WHITE_SPACE ('') 498-498
WHITE_SPACE ('') 498-498
UNKNOWN_KEY ('base') 498-502
WHITE_SPACE (' ') 502-503
>= ('>=') 503-505
WHITE_SPACE (' ') 505-506
NUMBERS ('4') 506-507
WHITE_SPACE (' ') 507-508
&& ('&&') 508-510
WHITE_SPACE (' ') 510-511
< ('<') 511-512
WHITE_SPACE (' ') 512-513
NUMBERS ('5') 513-514
, (',') 514-515
EOL ('\n') 515-516
WHITE_SPACE ('    ') 516-520
WHITE_SPACE ('') 520-520
UNKNOWN_KEY ('directory') 520-529
, (',') 529-530
EOL ('\n') 530-531
WHITE_SPACE ('    ') 531-535
WHITE_SPACE ('') 535-535
UNKNOWN_KEY ('filepath') 535-543
EOL ('\n') 543-544
WHITE_SPACE ('\n') 544-545
DEDENT ('') 545-545
DEDENT ('') 545-545
WHITE_SPACE ('  ') 545-547
WHITE_SPACE ('') 547-547
MAIN_IS_KEY ('main-is') 547-554
COLON (':') 554-555
WHITE_SPACE (' ') 555-556
UNKNOWN_KEY ('Main') 556-560
. ('.') 560-561
UNKNOWN_KEY ('hs') 561-563