WHITE_SPACE ('') 0-0
NAME_KEY ('Name') 0-4
COLON (':') 4-5
WHITE_SPACE (' ') 5-6
UNKNOWN_KEY ('deriveConstants') 6-21
EOL ('\n') 21-22
WHITE_SPACE ('') 22-22
WHITE_SPACE ('') 22-22
VERSION_KEY ('Version') 22-29
COLON (':') 29-30
WHITE_SPACE (' ') 30-31
NUMBERS ('0.1') 31-34
EOL ('\n') 34-35
WHITE_SPACE ('') 35-35
WHITE_SPACE ('') 35-35
COPYRIGHT_KEY ('Copyright') 35-44
COLON (':') 44-45
WHITE_SPACE (' ') 45-46
UNKNOWN_KEY ('XXX') 46-49
EOL ('\n') 49-50
WHITE_SPACE ('') 50-50
WHITE_SPACE ('') 50-50
LICENSE_KEY ('License') 50-57
COLON (':') 57-58
WHITE_SPACE (' ') 58-59
UNKNOWN_KEY ('BSD3') 59-63
EOL ('\n') 63-64
COMMENT ('-- XXX License-File: LICENSE') 64-92
WHITE_SPACE ('\n') 92-93
WHITE_SPACE ('') 93-93
WHITE_SPACE ('') 93-93
AUTHOR_KEY ('Author') 93-99
COLON (':') 99-100
WHITE_SPACE (' ') 100-101
UNKNOWN_KEY ('XXX') 101-104
EOL ('\n') 104-105
WHITE_SPACE ('') 105-105
WHITE_SPACE ('') 105-105
MAINTAINER_KEY ('Maintainer') 105-115
COLON (':') 115-116
WHITE_SPACE (' ') 116-117
UNKNOWN_KEY ('XXX') 117-120
EOL ('\n') 120-121
WHITE_SPACE ('') 121-121
WHITE_SPACE ('') 121-121
SYNOPSIS_KEY ('Synopsis') 121-129
COLON (':') 129-130
WHITE_SPACE (' ') 130-131
UNKNOWN_KEY ('Derive') 131-137
WHITE_SPACE (' ') 137-138
UNKNOWN_KEY ('header') 138-144
WHITE_SPACE (' ') 144-145
UNKNOWN_KEY ('files') 145-150
WHITE_SPACE (' ') 150-151
UNKNOWN_KEY ('containing') 151-161
WHITE_SPACE (' ') 161-162
UNKNOWN_KEY ('various') 162-169
WHITE_SPACE (' ') 169-170
UNKNOWN_KEY ('constants') 170-179
WHITE_SPACE (' ') 179-180
UNKNOWN_KEY ('for') 180-183
WHITE_SPACE (' ') 183-184
UNKNOWN_KEY ('the') 184-187
WHITE_SPACE (' ') 187-188
UNKNOWN_KEY ('GHC') 188-191
WHITE_SPACE (' ') 191-192
UNKNOWN_KEY ('build') 192-197
WHITE_SPACE (' ') 197-198
UNKNOWN_KEY ('process') 198-205
EOL ('\n') 205-206
WHITE_SPACE ('') 206-206
WHITE_SPACE ('') 206-206
DESCRIPTION_KEY ('Description') 206-217
COLON (':') 217-218
EOL ('\n') 218-219
INDENT (' ') 219-220
INDENT (' ') 220-221
INDENT (' ') 221-222
INDENT (' ') 222-223
WHITE_SPACE ('') 223-223
WHITE_SPACE ('') 223-223
UNKNOWN_KEY ('This') 223-227
WHITE_SPACE (' ') 227-228
UNKNOWN_KEY ('utility') 228-235
WHITE_SPACE (' ') 235-236
UNKNOWN_KEY ('is') 236-238
WHITE_SPACE (' ') 238-239
UNKNOWN_KEY ('responsible') 239-250
WHITE_SPACE (' ') 250-251
UNKNOWN_KEY ('for') 251-254
WHITE_SPACE (' ') 254-255
UNKNOWN_KEY ('generating') 255-265
WHITE_SPACE (' ') 265-266
UNKNOWN_KEY ('a') 266-267
WHITE_SPACE (' ') 267-268
UNKNOWN_KEY ('number') 268-274
WHITE_SPACE (' ') 274-275
UNKNOWN_KEY ('of') 275-277
WHITE_SPACE (' ') 277-278
UNKNOWN_KEY ('C') 278-279
WHITE_SPACE (' ') 279-280
UNKNOWN_KEY ('header') 280-286
WHITE_SPACE (' ') 286-287
UNKNOWN_KEY ('files') 287-292
EOL ('\n') 292-293
WHITE_SPACE ('    ') 293-297
WHITE_SPACE ('') 297-297
UNKNOWN_KEY ('needed') 297-303
WHITE_SPACE (' ') 303-304
UNKNOWN_KEY ('during') 304-310
WHITE_SPACE (' ') 310-311
UNKNOWN_KEY ('the') 311-314
WHITE_SPACE (' ') 314-315
UNKNOWN_KEY ('GHC') 315-318
WHITE_SPACE (' ') 318-319
UNKNOWN_KEY ('build') 319-324
WHITE_SPACE (' ') 324-325
UNKNOWN_KEY ('process') 325-332
. ('.') 332-333
WHITE_SPACE (' ') 333-334
UNKNOWN_KEY ('See') 334-337
WHITE_SPACE (' ') 337-338
OTHER_CHAR ('@') 338-339
INCLUDES_KEY ('includes') 339-347
OTHER_CHAR ('/') 347-348
UNKNOWN_KEY ('ghc') 348-351
. ('.') 351-352
UNKNOWN_KEY ('mk') 352-354
OTHER_CHAR ('@') 354-355
WHITE_SPACE (' ') 355-356
UNKNOWN_KEY ('in') 356-358
WHITE_SPACE (' ') 358-359
UNKNOWN_KEY ('the') 359-362
WHITE_SPACE (' ') 362-363
UNKNOWN_KEY ('GHC') 363-366
EOL ('\n') 366-367
WHITE_SPACE ('    ') 367-371
WHITE_SPACE ('') 371-371
UNKNOWN_KEY ('build') 371-376
WHITE_SPACE (' ') 376-377
UNKNOWN_KEY ('system') 377-383
WHITE_SPACE (' ') 383-384
UNKNOWN_KEY ('for') 384-387
WHITE_SPACE (' ') 387-388
UNKNOWN_KEY ('details') 388-395
. ('.') 395-396
EOL ('\n') 396-397
DEDENT ('') 397-397
DEDENT ('') 397-397
DEDENT ('') 397-397
DEDENT ('') 397-397
WHITE_SPACE ('') 397-397
WHITE_SPACE ('') 397-397
CATEGORY_KEY ('Category') 397-405
COLON (':') 405-406
WHITE_SPACE (' ') 406-407
UNKNOWN_KEY ('Development') 407-418
EOL ('\n') 418-419
WHITE_SPACE ('') 419-419
WHITE_SPACE ('') 419-419
BUILD_TYPE_KEY ('build-type') 419-429
COLON (':') 429-430
WHITE_SPACE (' ') 430-431
UNKNOWN_KEY ('Simple') 431-437
EOL ('\n') 437-438
WHITE_SPACE ('') 438-438
WHITE_SPACE ('') 438-438
CABAL_VERSION_KEY ('cabal-version') 438-451
COLON (':') 451-452
WHITE_SPACE (' ') 452-453
>= ('>=') 453-455
NUMBERS ('1.10') 455-459
EOL ('\n') 459-460
WHITE_SPACE ('\n') 460-461
WHITE_SPACE ('') 461-461
WHITE_SPACE ('') 461-461
EXECUTABLE_KEY ('Executable') 461-471
WHITE_SPACE (' ') 471-472
UNKNOWN_KEY ('deriveConstants') 472-487
EOL ('\n') 487-488
INDENT (' ') 488-489
INDENT (' ') 489-490
INDENT (' ') 490-491
INDENT (' ') 491-492
WHITE_SPACE ('') 492-492
WHITE_SPACE ('') 492-492
DEFAULT_LANGUAGE_KEY ('Default-Language') 492-508
COLON (':') 508-509
WHITE_SPACE (' ') 509-510
UNKNOWN_KEY ('Haskell2010') 510-521
EOL ('\n') 521-522
WHITE_SPACE ('    ') 522-526
WHITE_SPACE ('') 526-526
MAIN_IS_KEY ('Main-Is') 526-533
COLON (':') 533-534
WHITE_SPACE (' ') 534-535
UNKNOWN_KEY ('Main') 535-539
. ('.') 539-540
UNKNOWN_KEY ('hs') 540-542
EOL ('\n') 542-543
WHITE_SPACE ('    ') 543-547
WHITE_SPACE ('') 547-547
BUILD_DEPENDS_KEY ('Build-Depends') 547-560
COLON (':') 560-561
WHITE_SPACE (' ') 561-562
UNKNOWN_KEY ('base') 562-566
WHITE_SPACE ('       ') 566-573
>= ('>=') 573-575
WHITE_SPACE (' ') 575-576
NUMBERS ('4') 576-577
WHITE_SPACE ('   ') 577-580
&& ('&&') 580-582
WHITE_SPACE (' ') 582-583
< ('<') 583-584
WHITE_SPACE (' ') 584-585
NUMBERS ('5') 585-586
, (',') 586-587
EOL ('\n') 587-588
INDENT ('     ') 588-593
INDENT (' ') 593-594
INDENT (' ') 594-595
INDENT (' ') 595-596
INDENT (' ') 596-597
INDENT (' ') 597-598
INDENT (' ') 598-599
INDENT (' ') 599-600
INDENT (' ') 600-601
INDENT (' ') 601-602
INDENT (' ') 602-603
INDENT (' ') 603-604
INDENT (' ') 604-605
INDENT (' ') 605-606
INDENT (' ') 606-607
WHITE_SPACE ('') 607-607
WHITE_SPACE ('') 607-607
UNKNOWN_KEY ('containers') 607-617
, (',') 617-618
EOL ('\n') 618-619
WHITE_SPACE ('                   ') 619-638
WHITE_SPACE ('') 638-638
UNKNOWN_KEY ('process') 638-645
, (',') 645-646
EOL ('\n') 646-647
WHITE_SPACE ('                   ') 647-666
WHITE_SPACE ('') 666-666
UNKNOWN_KEY ('filepath') 666-674