WHITE_SPACE ('') 0-0
NAME_KEY ('name') 0-4
COLON (':') 4-5
WHITE_SPACE ('                ') 5-21
UNKNOWN_KEY ('p') 21-22
EOL ('\n') 22-23
WHITE_SPACE ('') 23-23
WHITE_SPACE ('') 23-23
VERSION_KEY ('version') 23-30
COLON (':') 30-31
WHITE_SPACE ('             ') 31-44
NUMBERS ('1.0') 44-47
EOL ('\n') 47-48
WHITE_SPACE ('') 48-48
WHITE_SPACE ('') 48-48
LICENSE_FILE_KEY ('license-file') 48-60
COLON (':') 60-61
WHITE_SPACE ('        ') 61-69
LICENSE_KEY ('LICENSE') 69-76
EOL ('\n') 76-77
WHITE_SPACE ('') 77-77
WHITE_SPACE ('') 77-77
AUTHOR_KEY ('author') 77-83
COLON (':') 83-84
WHITE_SPACE ('              ') 84-98
UNKNOWN_KEY ('Edward') 98-104
WHITE_SPACE (' ') 104-105
UNKNOWN_KEY ('Z') 105-106
. ('.') 106-107
WHITE_SPACE (' ') 107-108
UNKNOWN_KEY ('Yang') 108-112
EOL ('\n') 112-113
WHITE_SPACE ('') 113-113
WHITE_SPACE ('') 113-113
MAINTAINER_KEY ('maintainer') 113-123
COLON (':') 123-124
WHITE_SPACE ('          ') 124-134
UNKNOWN_KEY ('ezyang') 134-140
OTHER_CHAR ('@') 140-141
UNKNOWN_KEY ('cs') 141-143
. ('.') 143-144
UNKNOWN_KEY ('stanford') 144-152
. ('.') 152-153
UNKNOWN_KEY ('edu') 153-156
EOL ('\n') 156-157
WHITE_SPACE ('') 157-157
WHITE_SPACE ('') 157-157
BUILD_TYPE_KEY ('build-type') 157-167
COLON (':') 167-168
WHITE_SPACE ('          ') 168-178
UNKNOWN_KEY ('Simple') 178-184
EOL ('\n') 184-185
WHITE_SPACE ('') 185-185
WHITE_SPACE ('') 185-185
CABAL_VERSION_KEY ('cabal-version') 185-198
COLON (':') 198-199
WHITE_SPACE ('       ') 199-206
>= ('>=') 206-208
NUMBERS ('1.20') 208-212
EOL ('\n') 212-213
WHITE_SPACE ('\n') 213-214
WHITE_SPACE ('') 214-214
WHITE_SPACE ('') 214-214
LIBRARY_KEY ('library') 214-221
EOL ('\n') 221-222
INDENT (' ') 222-223
INDENT (' ') 223-224
WHITE_SPACE ('') 224-224
WHITE_SPACE ('') 224-224
EXPOSED_MODULES_KEY ('exposed-modules') 224-239
COLON (':') 239-240
WHITE_SPACE ('     ') 240-245
UNKNOWN_KEY ('P') 245-246
EOL ('\n') 246-247
WHITE_SPACE ('  ') 247-249
WHITE_SPACE ('') 249-249
REQUIRED_SIGNATURES_KEY ('required-signatures') 249-268
COLON (':') 268-269
WHITE_SPACE (' ') 269-270
UNKNOWN_KEY ('Map') 270-273
EOL ('\n') 273-274
WHITE_SPACE ('  ') 274-276
WHITE_SPACE ('') 276-276
BUILD_DEPENDS_KEY ('build-depends') 276-289
COLON (':') 289-290
WHITE_SPACE ('       ') 290-297
UNKNOWN_KEY ('base') 297-301
EOL ('\n') 301-302
WHITE_SPACE ('  ') 302-304
WHITE_SPACE ('') 304-304
DEFAULT_LANGUAGE_KEY ('default-language') 304-320
COLON (':') 320-321
WHITE_SPACE ('    ') 321-325
UNKNOWN_KEY ('Haskell2010') 325-336