Haskell File
  MODULEDECL
    PsiElement(HaskellTokenType.module)('module')
    QCONID
      CONID
        PsiElement(HaskellTokenType.conidRegexp)('Layout00002')
    PsiElement(HaskellTokenType.where)('where')
  BODY
    INSTANCEDECL
      PsiElement(HaskellTokenType.instance)('instance')
      CTYPE
        TYPEE
          ATYPE
            OQTYCON
              QTYCON
                TYCON
                  CONID
                    PsiElement(HaskellTokenType.conidRegexp)('Monad')
          ATYPE
            PsiElement(HaskellTokenType.()('(')
            CTYPE
              TYPEE
                ATYPE
                  OQTYCON
                    QTYCON
                      TYCON
                        CONID
                          PsiElement(HaskellTokenType.conidRegexp)('DocM')
                ATYPE
                  TYVAR
                    VARID
                      PsiElement(HaskellTokenType.varidRegexp)('s')
            PsiElement(HaskellTokenType.))(')')
      PsiElement(HaskellTokenType.where)('where')
      IDECL
        FUNORPATDECL
          PAT
            VARID
              PsiElement(HaskellTokenType.varidRegexp)('return')
          RHS
            PsiElement(HaskellTokenType.=)('=')
            EXP
              QVAR
                QVARID
                  VARID
                    PsiElement(HaskellTokenType.varidRegexp)('retDocM')
      PPRAGMA
        PsiElement(HaskellTokenType.{-#)('{-#')
        PsiElement(HaskellTokenType.PRAGMA)('INLINE')
        PsiElement(HaskellTokenType.PRAGMA)('thenDocM')
        PsiElement(HaskellTokenType.#-})('#-}')
      PPRAGMA
        PsiElement(HaskellTokenType.{-#)('{-#')
        PsiElement(HaskellTokenType.PRAGMA)('INLINE')
        PsiElement(HaskellTokenType.PRAGMA)('then_DocM')
        PsiElement(HaskellTokenType.#-})('#-}')
    GENDECL
      VARS
        VARID
          PsiElement(HaskellTokenType.varidRegexp)('thenDocM')
      PsiElement(HaskellTokenType.::)('::')
      CTYPE
        TYPEE
          ATYPE
            OQTYCON
              QTYCON
                TYCON
                  CONID
                    PsiElement(HaskellTokenType.conidRegexp)('DocM')
          ATYPE
            TYVAR
              VARID
                PsiElement(HaskellTokenType.varidRegexp)('s')
          ATYPE
            TYVAR
              VARID
                PsiElement(HaskellTokenType.varidRegexp)('a')
          PsiElement(HaskellTokenType.->)('->')
          TYPEE
            ATYPE
              PsiElement(HaskellTokenType.()('(')
              CTYPE
                TYPEE
                  ATYPE
                    TYVAR
                      VARID
                        PsiElement(HaskellTokenType.varidRegexp)('a')
                  PsiElement(HaskellTokenType.->)('->')
                  TYPEE
                    ATYPE
                      OQTYCON
                        QTYCON
                          TYCON
                            CONID
                              PsiElement(HaskellTokenType.conidRegexp)('DocM')
                    ATYPE
                      TYVAR
                        VARID
                          PsiElement(HaskellTokenType.varidRegexp)('s')
                    ATYPE
                      TYVAR
                        VARID
                          PsiElement(HaskellTokenType.varidRegexp)('b')
              PsiElement(HaskellTokenType.))(')')
            PsiElement(HaskellTokenType.->)('->')
            TYPEE
              ATYPE
                OQTYCON
                  QTYCON
                    TYCON
                      CONID
                        PsiElement(HaskellTokenType.conidRegexp)('DocM')
              ATYPE
                TYVAR
                  VARID
                    PsiElement(HaskellTokenType.varidRegexp)('s')
              ATYPE
                TYVAR
                  VARID
                    PsiElement(HaskellTokenType.varidRegexp)('b')