Haskell File
  MODULEDECL
    PsiElement(HaskellTokenType.module)('module')
    QCONID
      CONID
        PsiElement(HaskellTokenType.conidRegexp)('Layout00012')
    PsiElement(HaskellTokenType.where)('where')
  BODY
    TYPEDECL
      PsiElement(HaskellTokenType.type)('type')
      TYPEE
        ATYPE
          OQTYCON
            QTYCON
              TYCON
                CONID
                  PsiElement(HaskellTokenType.conidRegexp)('BoundedInt')
        ATYPE
          TYVAR
            VARID
              PsiElement(HaskellTokenType.varidRegexp)('a')
      PsiElement(HaskellTokenType.=)('=')
      TYPEE
        ATYPE
          PsiElement(HaskellTokenType.()('(')
          CTYPE
            TYPEE
              ATYPE
                OQTYCON
                  QTYCON
                    TYCON
                      CONID
                        PsiElement(HaskellTokenType.conidRegexp)('BoundedSuper')
              ATYPE
                TYVAR
                  VARID
                    PsiElement(HaskellTokenType.varidRegexp)('a')
          PsiElement(HaskellTokenType.,)(',')
          CTYPE
            TYPEE
              ATYPE
                OQTYCON
                  QTYCON
                    TYCON
                      CONID
                        PsiElement(HaskellTokenType.conidRegexp)('BoundedSuper')
              ATYPE
                PsiElement(HaskellTokenType.()('(')
                CTYPE
                  TYPEE
                    ATYPE
                      OQTYCON
                        QTYCON
                          TYCON
                            CONID
                              PsiElement(HaskellTokenType.conidRegexp)('UnsignedRep')
                    ATYPE
                      TYVAR
                        VARID
                          PsiElement(HaskellTokenType.varidRegexp)('a')
                PsiElement(HaskellTokenType.))(')')
          PsiElement(HaskellTokenType.))(')')
    PsiComment(HaskellTokenType.haddock)('-- | Super class to 'BoundedInt'\n')
    PsiComment(HaskellTokenType.CPPIF)('#if defined(__GLASGOW_HASKELL__) && __GLASGOW_HASKELL__ >= 708')
    CLASSDECL
      PsiElement(HaskellTokenType.class)('class')
      CTYPE
        CLSCONTEXT
          ATYPE
            PsiElement(HaskellTokenType.()('(')
            CTYPE
              TYPEE
                ATYPE
                  OQTYCON
                    QTYCON
                      TYCON
                        CONID
                          PsiElement(HaskellTokenType.conidRegexp)('Ord')
                ATYPE
                  TYVAR
                    VARID
                      PsiElement(HaskellTokenType.varidRegexp)('a')
            PsiElement(HaskellTokenType.,)(',')
            CTYPE
              TYPEE
                ATYPE
                  OQTYCON
                    QTYCON
                      TYCON
                        CONID
                          PsiElement(HaskellTokenType.conidRegexp)('Num')
                ATYPE
                  TYVAR
                    VARID
                      PsiElement(HaskellTokenType.varidRegexp)('a')
            PsiElement(HaskellTokenType.,)(',')
            CTYPE
              TYPEE
                ATYPE
                  OQTYCON
                    QTYCON
                      TYCON
                        CONID
                          PsiElement(HaskellTokenType.conidRegexp)('Bounded')
                ATYPE
                  TYVAR
                    VARID
                      PsiElement(HaskellTokenType.varidRegexp)('a')
            PsiElement(HaskellTokenType.,)(',')
            CTYPE
              TYPEE
                ATYPE
                  OQTYCON
                    QTYCON
                      TYCON
                        CONID
                          PsiElement(HaskellTokenType.conidRegexp)('Integral')
                ATYPE
                  TYVAR
                    VARID
                      PsiElement(HaskellTokenType.varidRegexp)('a')
            PsiElement(HaskellTokenType.,)(',')
            CTYPE
              TYPEE
                ATYPE
                  OQTYCON
                    QTYCON
                      TYCON
                        CONID
                          PsiElement(HaskellTokenType.conidRegexp)('FiniteBits')
                ATYPE
                  TYVAR
                    VARID
                      PsiElement(HaskellTokenType.varidRegexp)('a')
            PsiElement(HaskellTokenType.))(')')
        PsiElement(HaskellTokenType.=>)('=>')
        CTYPE
          TYPEE
            ATYPE
              OQTYCON
                QTYCON
                  TYCON
                    CONID
                      PsiElement(HaskellTokenType.conidRegexp)('BoundedSuper')
            ATYPE
              TYVAR
                VARID
                  PsiElement(HaskellTokenType.varidRegexp)('a')
    PsiComment(HaskellTokenType.#endif)('#endif')
