Haskell File
  MODULEDECL
    PsiElement(HaskellTokenType.module)('module')
    QCONID
      CONID
        PsiElement(HaskellTokenType.conidRegexp)('Layout00014')
    PsiElement(HaskellTokenType.where)('where')
  BODY
    INSTANCEDECL
      PsiElement(HaskellTokenType.instance)('instance')
      CTYPE
        TYPEE
          ATYPE
            OQTYCON
              QTYCON
                TYCON
                  CONID
                    PsiElement(HaskellTokenType.conidRegexp)('Indexed')
          ATYPE
            PsiElement(HaskellTokenType.()('(')
            CTYPE
              TYPEE
                ATYPE
                  OQTYCON
                    QTYCON
                      TYCON
                        CONID
                          PsiElement(HaskellTokenType.conidRegexp)('Pull')
                ATYPE
                  TYVAR
                    VARID
                      PsiElement(HaskellTokenType.varidRegexp)('sh')
                ATYPE
                  TYVAR
                    VARID
                      PsiElement(HaskellTokenType.varidRegexp)('a')
            PsiElement(HaskellTokenType.))(')')
      PsiElement(HaskellTokenType.where)('where')
      IDECL
        FUNORPATDECL
          PAT
            QCON
              QCONID
                CONID
                  PsiElement(HaskellTokenType.conidRegexp)('Pull')
            VARID
              PsiElement(HaskellTokenType.varidRegexp)('ixf')
            PsiElement(HaskellTokenType._)('_')
            PsiElement(HaskellTokenType.!)('!')
            VARID
              PsiElement(HaskellTokenType.varidRegexp)('i')
          RHS
            PsiElement(HaskellTokenType.=)('=')
            EXP
              QVAR
                QVARID
                  VARID
                    PsiElement(HaskellTokenType.varidRegexp)('ixf')
              QVAR
                QVARID
                  VARID
                    PsiElement(HaskellTokenType.varidRegexp)('i')