Haskell File
  MODULEDECL
    PsiElement(HaskellTokenType.module)('module')
    QCONID
      CONID
        PsiElement(HaskellTokenType.conidRegexp)('Pragma00003')
    PPRAGMA
      PsiElement(HaskellTokenType.{-#)('{-#')
      PsiElement(HaskellTokenType.PRAGMA)('DEPRECATED')
      PsiElement(HaskellTokenType.PRAGMA)('"Use')
      PsiElement(HaskellTokenType.PRAGMA)('Wobble')
      PsiElement(HaskellTokenType.PRAGMA)('instead"')
      PsiElement(HaskellTokenType.#-})('#-}')
    PsiElement(HaskellTokenType.where)('where')
  BODY
    <empty list>