Haskell File
  PPRAGMA
    PsiElement(HaskellTokenType.{-#)('{-#')
    PsiElement(HaskellTokenType.PRAGMA)('LANGUAGE')
    PsiElement(HaskellTokenType.PRAGMA)('FlexibleInstances')
    PsiElement(HaskellTokenType.#-})('#-}')
  PPRAGMA
    PsiElement(HaskellTokenType.{-#)('{-#')
    PsiElement(HaskellTokenType.PRAGMA)('LANGUAGE')
    PsiElement(HaskellTokenType.PRAGMA)('QuasiQuotes')
    PsiElement(HaskellTokenType.#-})('#-}')
  PPRAGMA
    PsiElement(HaskellTokenType.{-#)('{-#')
    PsiElement(HaskellTokenType.PRAGMA)('LANGUAGE')
    PsiElement(HaskellTokenType.PRAGMA)('TemplateHaskell')
    PsiElement(HaskellTokenType.#-})('#-}')
  MODULEDECL
    PsiElement(HaskellTokenType.module)('module')
    QCONID
      CONID
        PsiElement(HaskellTokenType.conidRegexp)('TempHask00002')
    PsiElement(HaskellTokenType.where)('where')
  BODY
    PsiElement(HaskellTokenType.Quasi-[)('[')
    QVARID
      VARID
        PsiElement(HaskellTokenType.varidRegexp)('undefined')
    PsiElement(HaskellTokenType.|)('|')
    QQBLOB
      PsiElement(HaskellTokenType.Quasi-stuff)('\nsomething here "hello world"\n')
    PsiElement(HaskellTokenType.|])('|]')
    PsiElement(HaskellTokenType.[|)('[|')
    EXP
      PsiElement(HaskellTokenType.integertoken)('7')
    PsiElement(HaskellTokenType.|])('|]')
    PsiElement(HaskellTokenType.Quasi-[)('[')
    QVARID
      VARID
        PsiElement(HaskellTokenType.varidRegexp)('d')
    PsiElement(HaskellTokenType.|)('|')
    QQBLOB
      PsiElement(HaskellTokenType.Quasi-stuff)(' 7 ')
    PsiElement(HaskellTokenType.|])('|]')
    PsiElement(HaskellTokenType.Quasi-[)('[')
    QVARID
      VARID
        PsiElement(HaskellTokenType.varidRegexp)('t')
    PsiElement(HaskellTokenType.|)('|')
    QQBLOB
      PsiElement(HaskellTokenType.Quasi-stuff)(' Int ')
    PsiElement(HaskellTokenType.|])('|]')
    PsiElement(HaskellTokenType.Quasi-[)('[')
    QVARID
      VARID
        PsiElement(HaskellTokenType.varidRegexp)('p')
    PsiElement(HaskellTokenType.|)('|')
    QQBLOB
      PsiElement(HaskellTokenType.Quasi-stuff)(' 7 ')
    PsiElement(HaskellTokenType.|])('|]')
    PsiElement(HaskellTokenType.$()('$(')
    EXP
      QVAR
        QVARID
          VARID
            PsiElement(HaskellTokenType.varidRegexp)('deriveStuff')
      PsiElement(HaskellTokenType.')(''')
      QVAR
        QVARID
          VARID
            PsiElement(HaskellTokenType.varidRegexp)('f')
    PsiElement(HaskellTokenType.))(')')
    FUNORPATDECL
      PAT
        VARID
          PsiElement(HaskellTokenType.varidRegexp)('m')
      RHS
        PsiElement(HaskellTokenType.=)('=')
        EXP
          PsiElement(HaskellTokenType.idsplice)('$x')
    PsiElement(HaskellTokenType.'')('''')
    QCON
      QCONID
        CONID
          PsiElement(HaskellTokenType.conidRegexp)('T')
    FUNORPATDECL
      VARID
        PsiElement(HaskellTokenType.varidRegexp)('f')
      VARID
        PsiElement(HaskellTokenType.varidRegexp)('n')
      RHS
        PsiElement(HaskellTokenType.=)('=')
        EXP
          PsiElement(HaskellTokenType.\)('\')
          PsiElement(HaskellTokenType.Quasi-[)('[')
          QVARID
            VARID
              PsiElement(HaskellTokenType.varidRegexp)('haskell')
          PsiElement(HaskellTokenType.|)('|')
          QQBLOB
            PsiElement(HaskellTokenType.Quasi-stuff)('y')
          PsiElement(HaskellTokenType.|])('|]')
          PsiElement(HaskellTokenType.->)('->')
          EXP
            QVAR
              QVARID
                VARID
                  PsiElement(HaskellTokenType.varidRegexp)('y')
            QOP
              QVAROP
                QVARSYM
                  VARSYM
                    PsiElement(HaskellTokenType.+)('+')
            QVAR
              QVARID
                VARID
                  PsiElement(HaskellTokenType.varidRegexp)('n')