Haskell File
  PPRAGMA
    PsiElement(HaskellTokenType.{-#)('{-#')
    PsiElement(HaskellTokenType.PRAGMA)('LANGUAGE')
    PsiElement(HaskellTokenType.PRAGMA)('QuasiQuotes')
    PsiElement(HaskellTokenType.#-})('#-}')
  MODULEDECL
    PsiElement(HaskellTokenType.module)('module')
    QCONID
      CONID
        PsiElement(HaskellTokenType.conidRegexp)('TempHask00004')
    PsiElement(HaskellTokenType.where)('where')
  BODY
    QVAR
      QVARID
        VARID
          PsiElement(HaskellTokenType.varidRegexp)('mkYesod')
    PSTRINGTOKEN
      PsiElement(HaskellTokenType.")('"')
      PsiElement(HaskellTokenType.STRINGTOKEN)('HelloWorld')
      PsiElement(HaskellTokenType.")('"')
    PsiElement(HaskellTokenType.Quasi-[)('[')
    QVARID
      VARID
        PsiElement(HaskellTokenType.varidRegexp)('parseRoutes')
    PsiElement(HaskellTokenType.|)('|')
    QQBLOB
      PsiElement(HaskellTokenType.Quasi-stuff)('\n/ HomeR GET\n')
    PsiElement(HaskellTokenType.|])('|]')