Cabal File
  KEY_OR_CONFIG
    CONFIG
      LIBRARY
        PsiElement(LIBRARY)('library')
        LIBRARY_KEYS
          BUILD_INFORMATION
            GHC_OPTIONS
              PsiElement(CabalTokenType.ghc-options)('ghc-options')
              PsiElement(CabalTokenType.:)(':')
              GHC_OPTION
                VARID
                  PsiElement(CabalTokenType.varidRegexp)('-Wall')
              GHC_OPTION
                VARID
                  PsiElement(CabalTokenType.varidRegexp)('-fwarn-tabs')
              GHC_OPTION
                VARID
                  PsiElement(CabalTokenType.varidRegexp)('-O2')
              GHC_OPTION
                VARID
                  PsiElement(CabalTokenType.varidRegexp)('-fdicts-cheap')
              GHC_OPTION
                VARID
                  PsiElement(CabalTokenType.varidRegexp)('-funbox-strict-fields')
              GHC_OPTION
                VARID
                  PsiElement(CabalTokenType.varidRegexp)('-fmax-simplifier-iterations')
                PsiElement(CabalTokenType.=)('=')
                NUMBER
                  PsiElement(CabalTokenType.numberRegexp)('10')
              GHC_OPTION
                VARID
                  PsiElement(CabalTokenType.varidRegexp)('-w')
              GHC_OPTION
                VARID
                  PsiElement(CabalTokenType.varidRegexp)('-threaded')
              GHC_OPTION
                VARID
                  PsiElement(CabalTokenType.varidRegexp)('-rtsopts')
              GHC_OPTION
                VARID
                  PsiElement(CabalTokenType.varidRegexp)('-with-rtsopts')
                PsiElement(CabalTokenType.=)('=')
                VARID
                  PsiElement(CabalTokenType.varidRegexp)('-N')