HaskellTokenType.module ('module')
WHITE_SPACE (' ')
HaskellTokenType.conidRegexp ('Comment00004')
WHITE_SPACE (' ')
HaskellTokenType.where ('where')
WHITE_SPACE ('\n')
WHITE_SPACE ('\n')
HaskellTokenType.Synthetic leftbrace ('')
HaskellTokenType.varidRegexp ('dropBitMask')
WHITE_SPACE (' ')
HaskellTokenType.varidRegexp ('xs')
WHITE_SPACE ('\n')
WHITE_SPACE (' ')
WHITE_SPACE (' ')
WHITE_SPACE (' ')
WHITE_SPACE (' ')
WHITE_SPACE (' ')
HaskellTokenType.| ('|')
WHITE_SPACE (' ')
HaskellTokenType.varidRegexp ('t')
WHITE_SPACE (' ')
HaskellTokenType.= ('=')
WHITE_SPACE (' ')
HaskellTokenType.integertoken ('1')
WHITE_SPACE ('\n')
HaskellTokenType.comment ('--     | otherwise = go')
HaskellTokenType.Synthetic rightbrace ('')