HaskellTokenType.module ('module')
WHITE_SPACE (' ')
HaskellTokenType.conidRegexp ('Hello00003')
WHITE_SPACE (' ')
HaskellTokenType.where ('where')
WHITE_SPACE ('\n\n')
HaskellTokenType.varidRegexp ('main')
WHITE_SPACE (' ')
HaskellTokenType.= ('=')
WHITE_SPACE (' ')
HaskellTokenType.varidRegexp ('print')
WHITE_SPACE (' ')
HaskellTokenType." ('"')
HaskellTokenType.STRINGTOKEN ('Hello, World!')
HaskellTokenType." ('"')
WHITE_SPACE ('\n\n')
HaskellTokenType.module ('module')
WHITE_SPACE (' ')
HaskellTokenType.conidRegexp ('Illegal')
WHITE_SPACE (' ')
HaskellTokenType.where ('where')
WHITE_SPACE ('\n\n')
HaskellTokenType.varidRegexp ('main')
WHITE_SPACE (' ')
HaskellTokenType.= ('=')
WHITE_SPACE (' ')
HaskellTokenType." ('"')
HaskellTokenType.STRINGTOKEN ('I'm invisible!')
HaskellTokenType." ('"')