HaskellTokenType.{-# ('{-#')
HaskellTokenType.PRAGMA (' LANGUAGE KindSignatures ')
HaskellTokenType.#-} ('#-}')
WHITE_SPACE ('\n')
HaskellTokenType.{-# ('{-#')
HaskellTokenType.PRAGMA (' LANGUAGE GADTs ')
HaskellTokenType.#-} ('#-}')
WHITE_SPACE ('\n')
HaskellTokenType.{-# ('{-#')
HaskellTokenType.PRAGMA (' LANGUAGE TypeOperators ')
HaskellTokenType.#-} ('#-}')
WHITE_SPACE ('\n')
HaskellTokenType.{-# ('{-#')
HaskellTokenType.PRAGMA (' LANGUAGE PolyKinds ')
HaskellTokenType.#-} ('#-}')
WHITE_SPACE ('\n')
HaskellTokenType.{-# ('{-#')
HaskellTokenType.PRAGMA (' LANGUAGE DataKinds ')
HaskellTokenType.#-} ('#-}')
WHITE_SPACE ('\n')
HaskellTokenType.module ('module')
WHITE_SPACE (' ')
HaskellTokenType.conidRegexp ('Kind00004')
WHITE_SPACE (' ')
HaskellTokenType.where ('where')
WHITE_SPACE ('\n\n')
HaskellTokenType.data ('data')
WHITE_SPACE (' ')
HaskellTokenType.conidRegexp ('T')
WHITE_SPACE (' ')
HaskellTokenType.:: ('::')
WHITE_SPACE (' ')
HaskellTokenType.( ('(')
HaskellTokenType.varidRegexp ('k')
WHITE_SPACE (' ')
HaskellTokenType.-> ('->')
WHITE_SPACE (' ')
HaskellTokenType.Varsym ('*')
HaskellTokenType.) (')')
WHITE_SPACE (' ')
HaskellTokenType.-> ('->')
WHITE_SPACE (' ')
HaskellTokenType.varidRegexp ('k')
WHITE_SPACE (' ')
HaskellTokenType.-> ('->')
WHITE_SPACE (' ')
HaskellTokenType.Varsym ('*')
WHITE_SPACE (' ')
HaskellTokenType.where ('where')
WHITE_SPACE ('\n  ')
HaskellTokenType.conidRegexp ('MkT')
WHITE_SPACE (' ')
HaskellTokenType.:: ('::')
WHITE_SPACE (' ')
HaskellTokenType.varidRegexp ('m')
WHITE_SPACE (' ')
HaskellTokenType.varidRegexp ('a')
WHITE_SPACE (' ')
HaskellTokenType.-> ('->')
WHITE_SPACE (' ')
HaskellTokenType.conidRegexp ('T')
WHITE_SPACE (' ')
HaskellTokenType.conidRegexp ('Maybe')
WHITE_SPACE (' ')
HaskellTokenType.( ('(')
HaskellTokenType.varidRegexp ('m')
WHITE_SPACE (' ')
HaskellTokenType.varidRegexp ('a')
HaskellTokenType.) (')')
WHITE_SPACE (' ')
HaskellTokenType.-> ('->')
WHITE_SPACE (' ')
HaskellTokenType.conidRegexp ('T')
WHITE_SPACE (' ')
HaskellTokenType.varidRegexp ('m')
WHITE_SPACE (' ')
HaskellTokenType.varidRegexp ('a')
WHITE_SPACE ('\n\n')
HaskellTokenType.data ('data')
WHITE_SPACE (' ')
HaskellTokenType.conidRegexp ('T2')
WHITE_SPACE (' ')
HaskellTokenType.:: ('::')
WHITE_SPACE (' ')
HaskellTokenType.( ('(')
HaskellTokenType.varidRegexp ('k')
WHITE_SPACE (' ')
HaskellTokenType.-> ('->')
WHITE_SPACE (' ')
HaskellTokenType.( ('(')
HaskellTokenType.Varsym ('*')
WHITE_SPACE (' ')
HaskellTokenType.-> ('->')
WHITE_SPACE (' ')
HaskellTokenType.Varsym ('*')
HaskellTokenType.) (')')
HaskellTokenType.) (')')
WHITE_SPACE (' ')
HaskellTokenType.-> ('->')
WHITE_SPACE (' ')
HaskellTokenType.varidRegexp ('k')
WHITE_SPACE (' ')
HaskellTokenType.-> ('->')
WHITE_SPACE (' ')
HaskellTokenType.Varsym ('*')
WHITE_SPACE (' ')
HaskellTokenType.where ('where')
WHITE_SPACE ('\n  ')
HaskellTokenType.conidRegexp ('MkT2')
WHITE_SPACE (' ')
HaskellTokenType.:: ('::')
WHITE_SPACE (' ')
HaskellTokenType.varidRegexp ('m')
WHITE_SPACE (' ')
HaskellTokenType.varidRegexp ('a')
WHITE_SPACE (' ')
HaskellTokenType.-> ('->')
WHITE_SPACE (' ')
HaskellTokenType.conidRegexp ('T')
WHITE_SPACE (' ')
HaskellTokenType.conidRegexp ('Maybe')
WHITE_SPACE (' ')
HaskellTokenType.( ('(')
HaskellTokenType.varidRegexp ('m')
WHITE_SPACE (' ')
HaskellTokenType.varidRegexp ('a')
HaskellTokenType.) (')')
WHITE_SPACE (' ')
HaskellTokenType.-> ('->')
WHITE_SPACE (' ')
HaskellTokenType.conidRegexp ('T')
WHITE_SPACE (' ')
HaskellTokenType.varidRegexp ('m')
WHITE_SPACE (' ')
HaskellTokenType.varidRegexp ('a')
WHITE_SPACE ('\n\n')
HaskellTokenType.data ('data')
WHITE_SPACE (' ')
HaskellTokenType.conidRegexp ('T3')
WHITE_SPACE (' ')
HaskellTokenType.:: ('::')
WHITE_SPACE (' ')
HaskellTokenType.( ('(')
HaskellTokenType.varidRegexp ('k')
WHITE_SPACE (' ')
HaskellTokenType.-> ('->')
WHITE_SPACE (' ')
HaskellTokenType.Varsym ('!')
HaskellTokenType.) (')')
WHITE_SPACE (' ')
HaskellTokenType.-> ('->')
WHITE_SPACE (' ')
HaskellTokenType.varidRegexp ('k')
WHITE_SPACE (' ')
HaskellTokenType.-> ('->')
WHITE_SPACE (' ')
HaskellTokenType.Varsym ('*')
WHITE_SPACE (' ')
HaskellTokenType.where ('where')
WHITE_SPACE ('\n  ')
HaskellTokenType.conidRegexp ('MkT3')
WHITE_SPACE (' ')
HaskellTokenType.:: ('::')
WHITE_SPACE (' ')
HaskellTokenType.varidRegexp ('m')
WHITE_SPACE (' ')
HaskellTokenType.varidRegexp ('a')
WHITE_SPACE (' ')
HaskellTokenType.-> ('->')
WHITE_SPACE (' ')
HaskellTokenType.conidRegexp ('T')
WHITE_SPACE (' ')
HaskellTokenType.conidRegexp ('Maybe')
WHITE_SPACE (' ')
HaskellTokenType.( ('(')
HaskellTokenType.varidRegexp ('m')
WHITE_SPACE (' ')
HaskellTokenType.varidRegexp ('a')
HaskellTokenType.) (')')
WHITE_SPACE (' ')
HaskellTokenType.-> ('->')
WHITE_SPACE (' ')
HaskellTokenType.conidRegexp ('T')
WHITE_SPACE (' ')
HaskellTokenType.varidRegexp ('m')
WHITE_SPACE (' ')
HaskellTokenType.varidRegexp ('a')
WHITE_SPACE ('\n\n')
HaskellTokenType.data ('data')
WHITE_SPACE (' ')
HaskellTokenType.conidRegexp ('T4')
WHITE_SPACE (' ')
HaskellTokenType.:: ('::')
WHITE_SPACE (' ')
HaskellTokenType.( ('(')
HaskellTokenType.varidRegexp ('k')
WHITE_SPACE (' ')
HaskellTokenType.-> ('->')
WHITE_SPACE (' ')
HaskellTokenType.( ('(')
HaskellTokenType.Varsym ('!')
HaskellTokenType., (',')
WHITE_SPACE (' ')
HaskellTokenType.Varsym ('*')
HaskellTokenType.) (')')
HaskellTokenType.) (')')
WHITE_SPACE (' ')
HaskellTokenType.-> ('->')
WHITE_SPACE (' ')
HaskellTokenType.varidRegexp ('k')
WHITE_SPACE (' ')
HaskellTokenType.-> ('->')
WHITE_SPACE (' ')
HaskellTokenType.Varsym ('*')
WHITE_SPACE (' ')
HaskellTokenType.where ('where')
WHITE_SPACE ('\n  ')
HaskellTokenType.conidRegexp ('MkT4')
WHITE_SPACE (' ')
HaskellTokenType.:: ('::')
WHITE_SPACE (' ')
HaskellTokenType.varidRegexp ('m')
WHITE_SPACE (' ')
HaskellTokenType.varidRegexp ('a')
WHITE_SPACE (' ')
HaskellTokenType.-> ('->')
WHITE_SPACE (' ')
HaskellTokenType.conidRegexp ('T')
WHITE_SPACE (' ')
HaskellTokenType.conidRegexp ('Maybe')
WHITE_SPACE (' ')
HaskellTokenType.( ('(')
HaskellTokenType.varidRegexp ('m')
WHITE_SPACE (' ')
HaskellTokenType.varidRegexp ('a')
HaskellTokenType.) (')')
WHITE_SPACE (' ')
HaskellTokenType.-> ('->')
WHITE_SPACE (' ')
HaskellTokenType.conidRegexp ('T')
WHITE_SPACE (' ')
HaskellTokenType.varidRegexp ('m')
WHITE_SPACE (' ')
HaskellTokenType.varidRegexp ('a')
WHITE_SPACE ('\n\n')
HaskellTokenType.data ('data')
WHITE_SPACE (' ')
HaskellTokenType.conidRegexp ('T5')
WHITE_SPACE (' ')
HaskellTokenType.:: ('::')
WHITE_SPACE (' ')
HaskellTokenType.( ('(')
HaskellTokenType.varidRegexp ('k')
WHITE_SPACE (' ')
HaskellTokenType.-> ('->')
WHITE_SPACE (' ')
HaskellTokenType.( ('(')
HaskellTokenType.Varsym ('!')
HaskellTokenType., (',')
WHITE_SPACE (' ')
HaskellTokenType.Varsym ('*')
HaskellTokenType.) (')')
HaskellTokenType.) (')')
WHITE_SPACE (' ')
HaskellTokenType.-> ('->')
WHITE_SPACE (' ')
HaskellTokenType.varidRegexp ('k')
WHITE_SPACE (' ')
HaskellTokenType.-> ('->')
WHITE_SPACE (' ')
HaskellTokenType.Varsym ('*')
WHITE_SPACE (' ')
HaskellTokenType.where ('where')
WHITE_SPACE ('\n  ')
HaskellTokenType.conidRegexp ('MkT5')
WHITE_SPACE (' ')
HaskellTokenType.:: ('::')
WHITE_SPACE (' ')
HaskellTokenType.varidRegexp ('m')
WHITE_SPACE (' ')
HaskellTokenType.varidRegexp ('a')
WHITE_SPACE (' ')
HaskellTokenType.-> ('->')
WHITE_SPACE (' ')
HaskellTokenType.conidRegexp ('T')
WHITE_SPACE (' ')
HaskellTokenType.conidRegexp ('Maybe')
WHITE_SPACE (' ')
HaskellTokenType.( ('(')
HaskellTokenType.varidRegexp ('m')
WHITE_SPACE (' ')
HaskellTokenType.varidRegexp ('a')
HaskellTokenType.) (')')
WHITE_SPACE (' ')
HaskellTokenType.-> ('->')
WHITE_SPACE (' ')
HaskellTokenType.conidRegexp ('T')
WHITE_SPACE (' ')
HaskellTokenType.varidRegexp ('m')
WHITE_SPACE (' ')
HaskellTokenType.varidRegexp ('a')
WHITE_SPACE ('\n\n')
HaskellTokenType.data ('data')
WHITE_SPACE (' ')
HaskellTokenType.conidRegexp ('T6')
WHITE_SPACE (' ')
HaskellTokenType.:: ('::')
WHITE_SPACE (' ')
HaskellTokenType.( ('(')
HaskellTokenType.varidRegexp ('k')
WHITE_SPACE (' ')
HaskellTokenType.-> ('->')
WHITE_SPACE (' ')
HaskellTokenType.[ ('[')
HaskellTokenType.Varsym ('!')
HaskellTokenType., (',')
WHITE_SPACE (' ')
HaskellTokenType.Varsym ('!')
HaskellTokenType., (',')
HaskellTokenType.Varsym ('!')
HaskellTokenType.] (']')
HaskellTokenType.) (')')
WHITE_SPACE (' ')
HaskellTokenType.-> ('->')
WHITE_SPACE (' ')
HaskellTokenType.varidRegexp ('k')
WHITE_SPACE (' ')
HaskellTokenType.-> ('->')
WHITE_SPACE (' ')
HaskellTokenType.Varsym ('*')
WHITE_SPACE (' ')
HaskellTokenType.where ('where')
WHITE_SPACE ('\n  ')
HaskellTokenType.conidRegexp ('MkT6')
WHITE_SPACE (' ')
HaskellTokenType.:: ('::')
WHITE_SPACE (' ')
HaskellTokenType.varidRegexp ('m')
WHITE_SPACE (' ')
HaskellTokenType.varidRegexp ('a')
WHITE_SPACE (' ')
HaskellTokenType.-> ('->')
WHITE_SPACE (' ')
HaskellTokenType.conidRegexp ('T')
WHITE_SPACE (' ')
HaskellTokenType.conidRegexp ('Maybe')
WHITE_SPACE (' ')
HaskellTokenType.( ('(')
HaskellTokenType.varidRegexp ('m')
WHITE_SPACE (' ')
HaskellTokenType.varidRegexp ('a')
HaskellTokenType.) (')')
WHITE_SPACE (' ')
HaskellTokenType.-> ('->')
WHITE_SPACE (' ')
HaskellTokenType.conidRegexp ('T')
WHITE_SPACE (' ')
HaskellTokenType.varidRegexp ('m')
WHITE_SPACE (' ')
HaskellTokenType.varidRegexp ('a')
WHITE_SPACE ('\n\n')
HaskellTokenType.data ('data')
WHITE_SPACE (' ')
HaskellTokenType.conidRegexp ('T7')
WHITE_SPACE (' ')
HaskellTokenType.:: ('::')
WHITE_SPACE (' ')
HaskellTokenType.( ('(')
HaskellTokenType.varidRegexp ('k')
WHITE_SPACE (' ')
HaskellTokenType.-> ('->')
WHITE_SPACE (' ')
HaskellTokenType.[ ('[')
HaskellTokenType.Varsym ('!')
HaskellTokenType., (',')
WHITE_SPACE (' ')
HaskellTokenType.Varsym ('!')
HaskellTokenType., (',')
HaskellTokenType.Varsym ('!')
HaskellTokenType.] (']')
HaskellTokenType.) (')')
WHITE_SPACE (' ')
HaskellTokenType.varidRegexp ('k')
WHITE_SPACE (' ')
HaskellTokenType.-> ('->')
WHITE_SPACE (' ')
HaskellTokenType.Varsym ('*')
WHITE_SPACE (' ')
HaskellTokenType.where ('where')
WHITE_SPACE ('\n  ')
HaskellTokenType.conidRegexp ('MkT7')
WHITE_SPACE (' ')
HaskellTokenType.:: ('::')
WHITE_SPACE (' ')
HaskellTokenType.varidRegexp ('m')
WHITE_SPACE (' ')
HaskellTokenType.varidRegexp ('a')
WHITE_SPACE (' ')
HaskellTokenType.-> ('->')
WHITE_SPACE (' ')
HaskellTokenType.conidRegexp ('T')
WHITE_SPACE (' ')
HaskellTokenType.conidRegexp ('Maybe')
WHITE_SPACE (' ')
HaskellTokenType.( ('(')
HaskellTokenType.varidRegexp ('m')
WHITE_SPACE (' ')
HaskellTokenType.varidRegexp ('a')
HaskellTokenType.) (')')
WHITE_SPACE (' ')
HaskellTokenType.-> ('->')
WHITE_SPACE (' ')
HaskellTokenType.conidRegexp ('T')
WHITE_SPACE (' ')
HaskellTokenType.varidRegexp ('m')
WHITE_SPACE (' ')
HaskellTokenType.varidRegexp ('a')