HaskellTokenType.module ('module')
WHITE_SPACE (' ')
HaskellTokenType.conidRegexp ('Layout00001')
WHITE_SPACE (' ')
HaskellTokenType.where ('where')
WHITE_SPACE ('\n\n')
HaskellTokenType.varidRegexp ('topLexer')
WHITE_SPACE (' ')
HaskellTokenType.:: ('::')
WHITE_SPACE (' ')
HaskellTokenType.conidRegexp ('Lex')
WHITE_SPACE (' ')
HaskellTokenType.varidRegexp ('a')
WHITE_SPACE (' ')
HaskellTokenType.( ('(')
HaskellTokenType.conidRegexp ('Loc')
WHITE_SPACE (' ')
HaskellTokenType.conidRegexp ('Token')
HaskellTokenType.) (')')
WHITE_SPACE ('\n')
HaskellTokenType.varidRegexp ('topLexer')
WHITE_SPACE (' ')
HaskellTokenType.= ('=')
WHITE_SPACE (' ')
HaskellTokenType.do ('do')
WHITE_SPACE ('\n                 ')
HaskellTokenType.varidRegexp ('t')
WHITE_SPACE (' ')
HaskellTokenType.<- ('<-')
WHITE_SPACE (' ')
HaskellTokenType.if ('if')
WHITE_SPACE (' ')
HaskellTokenType.varidRegexp ('bol'')
WHITE_SPACE (' ')
HaskellTokenType.then ('then')
WHITE_SPACE (' ')
HaskellTokenType.varidRegexp ('lexBOL')
WHITE_SPACE ('\n                              ')
HaskellTokenType.else ('else')
WHITE_SPACE (' ')
HaskellTokenType.varidRegexp ('lexToken')
WHITE_SPACE ('  ')
HaskellTokenType.comment ('-- t\n')
WHITE_SPACE ('                 ')
HaskellTokenType.varidRegexp ('el')
WHITE_SPACE (' ')
HaskellTokenType.<- ('<-')
WHITE_SPACE (' ')
HaskellTokenType.varidRegexp ('getSrcLocL')
WHITE_SPACE ('\n                 ')
HaskellTokenType.varidRegexp ('return')
WHITE_SPACE (' ')
HaskellTokenType.integertoken ('2')