HaskellTokenType.module ('module')
WHITE_SPACE (' ')
HaskellTokenType.conidRegexp ('Layout00006')
WHITE_SPACE (' ')
HaskellTokenType.where ('where')
WHITE_SPACE ('\n\n')
HaskellTokenType.varidRegexp ('getOAuthTokens')
WHITE_SPACE (' ')
HaskellTokenType.= ('=')
WHITE_SPACE (' ')
HaskellTokenType.do ('do')
WHITE_SPACE ('\n  ')
HaskellTokenType.let ('let')
WHITE_SPACE (' ')
HaskellTokenType.varidRegexp ('r')
WHITE_SPACE (' ')
HaskellTokenType.= ('=')
WHITE_SPACE (' ')
HaskellTokenType.varidRegexp ('iq')
WHITE_SPACE (' ')
HaskellTokenType.{ ('{')
WHITE_SPACE (' ')
HaskellTokenType.varidRegexp ('method')
HaskellTokenType.= ('=')
HaskellTokenType." ('"')
HaskellTokenType.STRINGTOKEN ('POST')
HaskellTokenType." ('"')
HaskellTokenType., (',')
WHITE_SPACE (' ')
HaskellTokenType.varidRegexp ('requestHeaders')
HaskellTokenType.= ('=')
HaskellTokenType.[ ('[')
HaskellTokenType.] (']')
WHITE_SPACE (' ')
HaskellTokenType.} ('}')
WHITE_SPACE (' ')
HaskellTokenType.in ('in')
WHITE_SPACE (' ')
HaskellTokenType.integertoken ('6')