HaskellTokenType.module ('module')
WHITE_SPACE (' ')
HaskellTokenType.conidRegexp ('Pragma00003')
WHITE_SPACE (' ')
HaskellTokenType.{-# ('{-#')
HaskellTokenType.PRAGMA (' DEPRECATED "Use Wobble instead" ')
HaskellTokenType.#-} ('#-}')
WHITE_SPACE (' ')
HaskellTokenType.where ('where')