HaskellTokenType.module ('module')
WHITE_SPACE (' ')
HaskellTokenType.conidRegexp ('String00004')
WHITE_SPACE (' ')
HaskellTokenType.where ('where')
WHITE_SPACE ('\n\n\n')
HaskellTokenType.varidRegexp ('s')
WHITE_SPACE (' ')
HaskellTokenType.= ('=')
WHITE_SPACE (' ')
HaskellTokenType." ('"')
HaskellTokenType.STRINGTOKEN ('\\n    \Strings should allow \"escaped double quotes\"\\n    \as well as multi-line strings.  Also, the closing')
HaskellTokenType.STRINGTOKEN ('\\n')
HaskellTokenType.STRINGTOKEN ('    quote of this string can be preceded by a backslash\\n    \since the backslash indicates line continuation, not\\n    \quote escaping!\\n\')
HaskellTokenType." ('"')